Archive member included to satisfy reference by file (symbol)

/Applications/STM32CubeIDE.app/Contents/Eclipse/plugins/com.st.stm32cube.ide.mcu.externaltools.gnu-tools-for-stm32.13.3.rel1.macos64_1.0.0.202411102158/tools/bin/../lib/gcc/arm-none-eabi/13.3.1/../../../../arm-none-eabi/lib/thumb/v7e-m+fp/hard/libc_nano.a(libc_a-exit.o)
                              /Applications/STM32CubeIDE.app/Contents/Eclipse/plugins/com.st.stm32cube.ide.mcu.externaltools.gnu-tools-for-stm32.13.3.rel1.macos64_1.0.0.202411102158/tools/bin/../lib/gcc/arm-none-eabi/13.3.1/../../../../arm-none-eabi/lib/thumb/v7e-m+fp/hard/crt0.o (exit)
/Applications/STM32CubeIDE.app/Contents/Eclipse/plugins/com.st.stm32cube.ide.mcu.externaltools.gnu-tools-for-stm32.13.3.rel1.macos64_1.0.0.202411102158/tools/bin/../lib/gcc/arm-none-eabi/13.3.1/../../../../arm-none-eabi/lib/thumb/v7e-m+fp/hard/libc_nano.a(libc_a-sprintf.o)
                              ./Core/Src/main.o (sprintf)
/Applications/STM32CubeIDE.app/Contents/Eclipse/plugins/com.st.stm32cube.ide.mcu.externaltools.gnu-tools-for-stm32.13.3.rel1.macos64_1.0.0.202411102158/tools/bin/../lib/gcc/arm-none-eabi/13.3.1/../../../../arm-none-eabi/lib/thumb/v7e-m+fp/hard/libc_nano.a(libc_a-findfp.o)
                              /Applications/STM32CubeIDE.app/Contents/Eclipse/plugins/com.st.stm32cube.ide.mcu.externaltools.gnu-tools-for-stm32.13.3.rel1.macos64_1.0.0.202411102158/tools/bin/../lib/gcc/arm-none-eabi/13.3.1/../../../../arm-none-eabi/lib/thumb/v7e-m+fp/hard/libc_nano.a(libc_a-exit.o) (__stdio_exit_handler)
/Applications/STM32CubeIDE.app/Contents/Eclipse/plugins/com.st.stm32cube.ide.mcu.externaltools.gnu-tools-for-stm32.13.3.rel1.macos64_1.0.0.202411102158/tools/bin/../lib/gcc/arm-none-eabi/13.3.1/../../../../arm-none-eabi/lib/thumb/v7e-m+fp/hard/libc_nano.a(libc_a-fwalk.o)
                              /Applications/STM32CubeIDE.app/Contents/Eclipse/plugins/com.st.stm32cube.ide.mcu.externaltools.gnu-tools-for-stm32.13.3.rel1.macos64_1.0.0.202411102158/tools/bin/../lib/gcc/arm-none-eabi/13.3.1/../../../../arm-none-eabi/lib/thumb/v7e-m+fp/hard/libc_nano.a(libc_a-findfp.o) (_fwalk_sglue)
/Applications/STM32CubeIDE.app/Contents/Eclipse/plugins/com.st.stm32cube.ide.mcu.externaltools.gnu-tools-for-stm32.13.3.rel1.macos64_1.0.0.202411102158/tools/bin/../lib/gcc/arm-none-eabi/13.3.1/../../../../arm-none-eabi/lib/thumb/v7e-m+fp/hard/libc_nano.a(libc_a-memset.o)
                              /Applications/STM32CubeIDE.app/Contents/Eclipse/plugins/com.st.stm32cube.ide.mcu.externaltools.gnu-tools-for-stm32.13.3.rel1.macos64_1.0.0.202411102158/tools/bin/../lib/gcc/arm-none-eabi/13.3.1/../../../../arm-none-eabi/lib/thumb/v7e-m+fp/hard/crt0.o (memset)
/Applications/STM32CubeIDE.app/Contents/Eclipse/plugins/com.st.stm32cube.ide.mcu.externaltools.gnu-tools-for-stm32.13.3.rel1.macos64_1.0.0.202411102158/tools/bin/../lib/gcc/arm-none-eabi/13.3.1/../../../../arm-none-eabi/lib/thumb/v7e-m+fp/hard/libc_nano.a(libc_a-errno.o)
                              ./Core/Src/syscalls.o (__errno)
/Applications/STM32CubeIDE.app/Contents/Eclipse/plugins/com.st.stm32cube.ide.mcu.externaltools.gnu-tools-for-stm32.13.3.rel1.macos64_1.0.0.202411102158/tools/bin/../lib/gcc/arm-none-eabi/13.3.1/../../../../arm-none-eabi/lib/thumb/v7e-m+fp/hard/libc_nano.a(libc_a-init.o)
                              /Applications/STM32CubeIDE.app/Contents/Eclipse/plugins/com.st.stm32cube.ide.mcu.externaltools.gnu-tools-for-stm32.13.3.rel1.macos64_1.0.0.202411102158/tools/bin/../lib/gcc/arm-none-eabi/13.3.1/../../../../arm-none-eabi/lib/thumb/v7e-m+fp/hard/crt0.o (__libc_init_array)
/Applications/STM32CubeIDE.app/Contents/Eclipse/plugins/com.st.stm32cube.ide.mcu.externaltools.gnu-tools-for-stm32.13.3.rel1.macos64_1.0.0.202411102158/tools/bin/../lib/gcc/arm-none-eabi/13.3.1/../../../../arm-none-eabi/lib/thumb/v7e-m+fp/hard/libc_nano.a(libc_a-lock.o)
                              /Applications/STM32CubeIDE.app/Contents/Eclipse/plugins/com.st.stm32cube.ide.mcu.externaltools.gnu-tools-for-stm32.13.3.rel1.macos64_1.0.0.202411102158/tools/bin/../lib/gcc/arm-none-eabi/13.3.1/../../../../arm-none-eabi/lib/thumb/v7e-m+fp/hard/libc_nano.a(libc_a-findfp.o) (__retarget_lock_init_recursive)
/Applications/STM32CubeIDE.app/Contents/Eclipse/plugins/com.st.stm32cube.ide.mcu.externaltools.gnu-tools-for-stm32.13.3.rel1.macos64_1.0.0.202411102158/tools/bin/../lib/gcc/arm-none-eabi/13.3.1/../../../../arm-none-eabi/lib/thumb/v7e-m+fp/hard/libc_nano.a(libc_a-impure.o)
                              /Applications/STM32CubeIDE.app/Contents/Eclipse/plugins/com.st.stm32cube.ide.mcu.externaltools.gnu-tools-for-stm32.13.3.rel1.macos64_1.0.0.202411102158/tools/bin/../lib/gcc/arm-none-eabi/13.3.1/../../../../arm-none-eabi/lib/thumb/v7e-m+fp/hard/libc_nano.a(libc_a-sprintf.o) (_impure_ptr)
[...]
Memory Configuration

Name             Origin             Length             Attributes
RAM              0x20000000         0x00050000         xrw
FLASH            0x08000000         0x00100000         xr
*default*        0x00000000         0xffffffff

Linker script and memory map

LOAD /Applications/STM32CubeIDE.app/Contents/Eclipse/plugins/com.st.stm32cube.ide.mcu.externaltools.gnu-tools-for-stm32.13.3.rel1.macos64_1.0.0.202411102158/tools/bin/../lib/gcc/arm-none-eabi/13.3.1/thumb/v7e-m+fp/hard/crti.o
LOAD /Applications/STM32CubeIDE.app/Contents/Eclipse/plugins/com.st.stm32cube.ide.mcu.externaltools.gnu-tools-for-stm32.13.3.rel1.macos64_1.0.0.202411102158/tools/bin/../lib/gcc/arm-none-eabi/13.3.1/thumb/v7e-m+fp/hard/crtbegin.o
LOAD /Applications/STM32CubeIDE.app/Contents/Eclipse/plugins/com.st.stm32cube.ide.mcu.externaltools.gnu-tools-for-stm32.13.3.rel1.macos64_1.0.0.202411102158/tools/bin/../lib/gcc/arm-none-eabi/13.3.1/../../../../arm-none-eabi/lib/thumb/v7e-m+fp/hard/crt0.o
LOAD ./Core/Src/INA226.o
LOAD ./Core/Src/bno055.o
LOAD ./Core/Src/encoder.o
LOAD ./Core/Src/ir_sensor.o
LOAD ./Core/Src/main.o
LOAD ./Core/Src/mlx90614.o
LOAD ./Core/Src/stm32f7xx_hal_msp.o
LOAD ./Core/Src/stm32f7xx_it.o
LOAD ./Core/Src/syscalls.o
LOAD ./Core/Src/sysmem.o
LOAD ./Core/Src/system_stm32f7xx.o
LOAD ./Core/Startup/startup_stm32f756zgtx.o
LOAD ./Drivers/STM32F7xx_HAL_Driver/Src/stm32f7xx_hal.o
LOAD ./Drivers/STM32F7xx_HAL_Driver/Src/stm32f7xx_hal_cortex.o
LOAD ./Drivers/STM32F7xx_HAL_Driver/Src/stm32f7xx_hal_dma.o
LOAD ./Drivers/STM32F7xx_HAL_Driver/Src/stm32f7xx_hal_dma_ex.o
LOAD ./Drivers/STM32F7xx_HAL_Driver/Src/stm32f7xx_hal_exti.o
LOAD ./Drivers/STM32F7xx_HAL_Driver/Src/stm32f7xx_hal_flash.o
LOAD ./Drivers/STM32F7xx_HAL_Driver/Src/stm32f7xx_hal_flash_ex.o
LOAD ./Drivers/STM32F7xx_HAL_Driver/Src/stm32f7xx_hal_gpio.o
LOAD ./Drivers/STM32F7xx_HAL_Driver/Src/stm32f7xx_hal_i2c.o
LOAD ./Drivers/STM32F7xx_HAL_Driver/Src/stm32f7xx_hal_i2c_ex.o
LOAD ./Drivers/STM32F7xx_HAL_Driver/Src/stm32f7xx_hal_pwr.o
LOAD ./Drivers/STM32F7xx_HAL_Driver/Src/stm32f7xx_hal_pwr_ex.o
LOAD ./Drivers/STM32F7xx_HAL_Driver/Src/stm32f7xx_hal_rcc.o
LOAD ./Drivers/STM32F7xx_HAL_Driver/Src/stm32f7xx_hal_rcc_ex.o
LOAD ./Drivers/STM32F7xx_HAL_Driver/Src/stm32f7xx_hal_tim.o
LOAD ./Drivers/STM32F7xx_HAL_Driver/Src/stm32f7xx_hal_tim_ex.o
LOAD ./Drivers/STM32F7xx_HAL_Driver/Src/stm32f7xx_hal_uart.o
LOAD ./Drivers/STM32F7xx_HAL_Driver/Src/stm32f7xx_hal_uart_ex.o
START GROUP
LOAD /Applications/STM32CubeIDE.app/Contents/Eclipse/plugins/com.st.stm32cube.ide.mcu.externaltools.gnu-tools-for-stm32.13.3.rel1.macos64_1.0.0.202411102158/tools/bin/../lib/gcc/arm-none-eabi/13.3.1/../../../../arm-none-eabi/lib/thumb/v7e-m+fp/hard/libc_nano.a
LOAD /Applications/STM32CubeIDE.app/Contents/Eclipse/plugins/com.st.stm32cube.ide.mcu.externaltools.gnu-tools-for-stm32.13.3.rel1.macos64_1.0.0.202411102158/tools/bin/../lib/gcc/arm-none-eabi/13.3.1/../../../../arm-none-eabi/lib/thumb/v7e-m+fp/hard/libm.a
END GROUP
START GROUP
LOAD /Applications/STM32CubeIDE.app/Contents/Eclipse/plugins/com.st.stm32cube.ide.mcu.externaltools.gnu-tools-for-stm32.13.3.rel1.macos64_1.0.0.202411102158/tools/bin/../lib/gcc/arm-none-eabi/13.3.1/thumb/v7e-m+fp/hard/libgcc.a
LOAD /Applications/STM32CubeIDE.app/Contents/Eclipse/plugins/com.st.stm32cube.ide.mcu.externaltools.gnu-tools-for-stm32.13.3.rel1.macos64_1.0.0.202411102158/tools/bin/../lib/gcc/arm-none-eabi/13.3.1/../../../../arm-none-eabi/lib/thumb/v7e-m+fp/hard/libc_nano.a
END GROUP
START GROUP
LOAD /Applications/STM32CubeIDE.app/Contents/Eclipse/plugins/com.st.stm32cube.ide.mcu.externaltools.gnu-tools-for-stm32.13.3.rel1.macos64_1.0.0.202411102158/tools/bin/../lib/gcc/arm-none-eabi/13.3.1/thumb/v7e-m+fp/hard/libgcc.a
LOAD /Applications/STM32CubeIDE.app/Contents/Eclipse/plugins/com.st.stm32cube.ide.mcu.externaltools.gnu-tools-for-stm32.13.3.rel1.macos64_1.0.0.202411102158/tools/bin/../lib/gcc/arm-none-eabi/13.3.1/../../../../arm-none-eabi/lib/thumb/v7e-m+fp/hard/libc_nano.a
LOAD /Applications/STM32CubeIDE.app/Contents/Eclipse/plugins/com.st.stm32cube.ide.mcu.externaltools.gnu-tools-for-stm32.13.3.rel1.macos64_1.0.0.202411102158/tools/bin/../lib/gcc/arm-none-eabi/13.3.1/../../../../arm-none-eabi/lib/thumb/v7e-m+fp/hard/libnosys.a
END GROUP
START GROUP
LOAD /Applications/STM32CubeIDE.app/Contents/Eclipse/plugins/com.st.stm32cube.ide.mcu.externaltools.gnu-tools-for-stm32.13.3.rel1.macos64_1.0.0.202411102158/tools/bin/../lib/gcc/arm-none-eabi/13.3.1/thumb/v7e-m+fp/hard/libgcc.a
LOAD /Applications/STM32CubeIDE.app/Contents/Eclipse/plugins/com.st.stm32cube.ide.mcu.externaltools.gnu-tools-for-stm32.13.3.rel1.macos64_1.0.0.202411102158/tools/bin/../lib/gcc/arm-none-eabi/13.3.1/../../../../arm-none-eabi/lib/thumb/v7e-m+fp/hard/libc_nano.a
LOAD /Applications/STM32CubeIDE.app/Contents/Eclipse/plugins/com.st.stm32cube.ide.mcu.externaltools.gnu-tools-for-stm32.13.3.rel1.macos64_1.0.0.202411102158/tools/bin/../lib/gcc/arm-none-eabi/13.3.1/../../../../arm-none-eabi/lib/thumb/v7e-m+fp/hard/libnosys.a
END GROUP
LOAD /Applications/STM32CubeIDE.app/Contents/Eclipse/plugins/com.st.stm32cube.ide.mcu.externaltools.gnu-tools-for-stm32.13.3.rel1.macos64_1.0.0.202411102158/tools/bin/../lib/gcc/arm-none-eabi/13.3.1/thumb/v7e-m+fp/hard/crtend.o
LOAD /Applications/STM32CubeIDE.app/Contents/Eclipse/plugins/com.st.stm32cube.ide.mcu.externaltools.gnu-tools-for-stm32.13.3.rel1.macos64_1.0.0.202411102158/tools/bin/../lib/gcc/arm-none-eabi/13.3.1/thumb/v7e-m+fp/hard/crtn.o
                0x20050000                        _estack = (ORIGIN (RAM) + LENGTH (RAM))
                0x00000200                        _Min_Heap_Size = 0x200
                0x00000400                        _Min_Stack_Size = 0x400

.isr_vector     0x08000000      0x1c8
                0x08000000                        . = ALIGN (0x4)
 *(.isr_vector)
 .isr_vector    0x08000000      0x1c8 ./Core/Startup/startup_stm32f756zgtx.o
                0x08000000                g_pfnVectors
                0x080001c8                        . = ALIGN (0x4)

.text           0x080001d0     0x69e0
                0x080001d0                        . = ALIGN (0x4)
 *(.text)
 .text          0x080001d0       0x40 /Applications/STM32CubeIDE.app/Contents/Eclipse/plugins/com.st.stm32cube.ide.mcu.externaltools.gnu-tools-for-stm32.13.3.rel1.macos64_1.0.0.202411102158/tools/bin/../lib/gcc/arm-none-eabi/13.3.1/thumb/v7e-m+fp/hard/crtbegin.o
 .text          0x08000210       0x10 /Applications/STM32CubeIDE.app/Contents/Eclipse/plugins/com.st.stm32cube.ide.mcu.externaltools.gnu-tools-for-stm32.13.3.rel1.macos64_1.0.0.202411102158/tools/bin/../lib/gcc/arm-none-eabi/13.3.1/../../../../arm-none-eabi/lib/thumb/v7e-m+fp/hard/libc_nano.a(libc_a-strlen.o)
                0x08000210                strlen
 .text          0x08000220       0xa0 /Applications/STM32CubeIDE.app/Contents/Eclipse/plugins/com.st.stm32cube.ide.mcu.externaltools.gnu-tools-for-stm32.13.3.rel1.macos64_1.0.0.202411102158/tools/bin/../lib/gcc/arm-none-eabi/13.3.1/../../../../arm-none-eabi/lib/thumb/v7e-m+fp/hard/libc_nano.a(libc_a-memchr.o)
                0x08000220                memchr
 .text          0x080002c0      0x378 /Applications/STM32CubeIDE.app/Contents/Eclipse/plugins/com.st.stm32cube.ide.mcu.externaltools.gnu-tools-for-stm32.13.3.rel1.macos64_1.0.0.202411102158/tools/bin/../lib/gcc/arm-none-eabi/13.3.1/thumb/v7e-m+fp/hard/libgcc.a(_arm_addsubdf3.o)
                0x080002c0                __aeabi_drsub
                0x080002c8                __subdf3
                0x080002c8                __aeabi_dsub
                0x080002cc                __aeabi_dadd
                0x080002cc                __adddf3
                0x08000544                __aeabi_ui2d
                0x08000544                __floatunsidf
                0x08000564                __floatsidf
                0x08000564                __aeabi_i2d
                0x08000588                __extendsfdf2
                0x08000588                __aeabi_f2d
                0x080005cc                __aeabi_ul2d
                0x080005cc                __floatundidf
                0x080005dc                __aeabi_l2d
                0x080005dc                __floatdidf
 .text          0x08000638      0x424 /Applications/STM32CubeIDE.app/Contents/Eclipse/plugins/com.st.stm32cube.ide.mcu.externaltools.gnu-tools-for-stm32.13.3.rel1.macos64_1.0.0.202411102158/tools/bin/../lib/gcc/arm-none-eabi/13.3.1/thumb/v7e-m+fp/hard/libgcc.a(_arm_muldivdf3.o)
                0x08000638                __aeabi_dmul
                0x08000638                __muldf3
                0x0800088c                __aeabi_ddiv
                0x0800088c                __divdf3
 .text          0x08000a5c       0xa0 /Applications/STM32CubeIDE.app/Contents/Eclipse/plugins/com.st.stm32cube.ide.mcu.externaltools.gnu-tools-for-stm32.13.3.rel1.macos64_1.0.0.202411102158/tools/bin/../lib/gcc/arm-none-eabi/13.3.1/thumb/v7e-m+fp/hard/libgcc.a(_arm_truncdfsf2.o)
                0x08000a5c                __aeabi_d2f
                0x08000a5c                __truncdfsf2
 .text          0x08000afc       0x30 /Applications/STM32CubeIDE.app/Contents/Eclipse/plugins/com.st.stm32cube.ide.mcu.externaltools.gnu-tools-for-stm32.13.3.rel1.macos64_1.0.0.202411102158/tools/bin/../lib/gcc/arm-none-eabi/13.3.1/thumb/v7e-m+fp/hard/libgcc.a(_aeabi_uldivmod.o)
                0x08000afc                __aeabi_uldivmod
 .text          0x08000b2c      0x2f8 /Applications/STM32CubeIDE.app/Contents/Eclipse/plugins/com.st.stm32cube.ide.mcu.externaltools.gnu-tools-for-stm32.13.3.rel1.macos64_1.0.0.202411102158/tools/bin/../lib/gcc/arm-none-eabi/13.3.1/thumb/v7e-m+fp/hard/libgcc.a(_udivmoddi4.o)
                0x08000b2c                __udivmoddi4
 .text          0x08000e24        0x4 /Applications/STM32CubeIDE.app/Contents/Eclipse/plugins/com.st.stm32cube.ide.mcu.externaltools.gnu-tools-for-stm32.13.3.rel1.macos64_1.0.0.202411102158/tools/bin/../lib/gcc/arm-none-eabi/13.3.1/thumb/v7e-m+fp/hard/libgcc.a(_dvmd_tls.o)
                0x08000e24                __aeabi_ldiv0
                0x08000e24                __aeabi_idiv0
 *(.text*)
 .text.INA226_INIT
                0x08000e28       0x24 ./Core/Src/INA226.o
                0x08000e28                INA226_INIT
 .text.INA226_ID
                0x08000e4c       0x24 ./Core/Src/INA226.o
                0x08000e4c                INA226_ID
 .text.INA226_ShuntVoltage
                0x08000e70       0x44 ./Core/Src/INA226.o
                0x08000e70                INA226_ShuntVoltage
 .text.INA226_BusVoltage
                0x08000eb4       0x30 ./Core/Src/INA226.o
                0x08000eb4                INA226_BusVoltage
 .text.INA226_Power
                0x08000ee4       0x38 ./Core/Src/INA226.o
                0x08000ee4                INA226_Power
 .text.INA226_Current
                0x08000f1c       0x30 ./Core/Src/INA226.o
                0x08000f1c                INA226_Current
 .text.INA226_SetCalibration
                0x08000f4c       0x94 ./Core/Src/INA226.o
                0x08000f4c                INA226_SetCalibration
 .text.INA226_I2C_Write
                0x08000fe0       0x48 ./Core/Src/INA226.o
                0x08000fe0                INA226_I2C_Write
 .text.INA226_I2C_Read
                0x08001028       0x4c ./Core/Src/INA226.o
                0x08001028                INA226_I2C_Read
 .text.bno055_init
                0x08001074       0xce ./Core/Src/bno055.o
                0x08001074                bno055_init
 .text.bno055_setOperationMode
                0x08001142       0x48 ./Core/Src/bno055.o
                0x08001142                bno055_setOperationMode
 .text.bno055_setPowerMode
                0x0800118a       0x2c ./Core/Src/bno055.o
                0x0800118a                bno055_setPowerMode
 .text.bno055_getChipID
                0x080011b6       0x46 ./Core/Src/bno055.o
                0x080011b6                bno055_getChipID
 .text.bno055_getRevInfo
                0x080011fc       0xe6 ./Core/Src/bno055.o
                0x080011fc                bno055_getRevInfo
 *fill*         0x080012e2        0x2 
 .text.bno055_getVector
                0x080012e4      0x2fc ./Core/Src/bno055.o
                0x080012e4                bno055_getVector
 .text.bno055_reset
                0x080015e0       0x26 ./Core/Src/bno055.o
                0x080015e0                bno055_reset
 .text.bno055_writeRegister
                0x08001606       0x52 ./Core/Src/bno055.o
 .text.bno055_readRegister
                0x08001658       0x56 ./Core/Src/bno055.o
 .text.bno055_readData
                0x080016ae       0x5e ./Core/Src/bno055.o
 .text.Encoder_Update
                0x0800170c       0xf4 ./Core/Src/encoder.o
                0x0800170c                Encoder_Update
 .text.DistanceLedControl
                0x08001800      0x228 ./Core/Src/encoder.o
                0x08001800                DistanceLedControl
 .text.ir_sensor_init
                0x08001a28       0x50 ./Core/Src/ir_sensor.o
                0x08001a28                ir_sensor_init
 .text.ir_sensor_update
                0x08001a78       0x78 ./Core/Src/ir_sensor.o
                0x08001a78                ir_sensor_update
 .text.ir_sensor_get_state
                0x08001af0       0x22 ./Core/Src/ir_sensor.o
                0x08001af0                ir_sensor_get_state
 *fill*         0x08001b12        0x2 
 .text.main     0x08001b14      0x494 ./Core/Src/main.o
                0x08001b14                main
 .text.SystemClock_Config
                0x08001fa8       0xd8 ./Core/Src/main.o
                0x08001fa8                SystemClock_Config
 .text.MX_I2C1_Init
                0x08002080       0x80 ./Core/Src/main.o
 .text.MX_I2C2_Init
                0x08002100       0x80 ./Core/Src/main.o
 .text.MX_TIM3_Init
                0x08002180       0xac ./Core/Src/main.o
 .text.MX_USART2_UART_Init
                0x0800222c       0x60 ./Core/Src/main.o
 .text.MX_GPIO_Init
                0x0800228c       0xfc ./Core/Src/main.o
 .text.MPU_Config
                0x08002388       0x58 ./Core/Src/main.o
 .text.Error_Handler
                0x080023e0        0xc ./Core/Src/main.o
                0x080023e0                Error_Handler
 .text.mlx90614_read16_internal
                0x080023ec       0x56 ./Core/Src/mlx90614.o
 *fill*         0x08002442        0x2 
 .text.mlx90614_calcTemperature
                0x08002444       0xa0 ./Core/Src/mlx90614.o
                0x08002444                mlx90614_calcTemperature
 .text.mlx90614_init
                0x080024e4       0xc8 ./Core/Src/mlx90614.o
                0x080024e4                mlx90614_init
 .text.mlx90614_readID
                0x080025ac       0x72 ./Core/Src/mlx90614.o
                0x080025ac                mlx90614_readID
 *fill*         0x0800261e        0x2 
 .text.mlx90614_getEmissivity
                0x08002620       0x5c ./Core/Src/mlx90614.o
                0x08002620                mlx90614_getEmissivity
 .text.mlx90614_getMax
                0x0800267c       0x4a ./Core/Src/mlx90614.o
                0x0800267c                mlx90614_getMax
 .text.mlx90614_getMin
                0x080026c6       0x4a ./Core/Src/mlx90614.o
                0x080026c6                mlx90614_getMin
 .text.mlx90614_getAmbient
                0x08002710       0x4a ./Core/Src/mlx90614.o
                0x08002710                mlx90614_getAmbient
 .text.mlx90614_getObject1
                0x0800275a       0x58 ./Core/Src/mlx90614.o
                0x0800275a                mlx90614_getObject1
 *fill*         0x080027b2        0x2 
 .text.HAL_MspInit
                0x080027b4       0x48 ./Core/Src/stm32f7xx_hal_msp.o
                0x080027b4                HAL_MspInit
 .text.HAL_I2C_MspInit
                0x080027fc      0x14c ./Core/Src/stm32f7xx_hal_msp.o
                0x080027fc                HAL_I2C_MspInit
 .text.HAL_TIM_Encoder_MspInit
                0x08002948       0x88 ./Core/Src/stm32f7xx_hal_msp.o
                0x08002948                HAL_TIM_Encoder_MspInit
 .text.HAL_UART_MspInit
                0x080029d0       0xbc ./Core/Src/stm32f7xx_hal_msp.o
                0x080029d0                HAL_UART_MspInit
 .text.NMI_Handler
                0x08002a8c        0x8 ./Core/Src/stm32f7xx_it.o
                0x08002a8c                NMI_Handler
 .text.HardFault_Handler
                0x08002a94        0x8 ./Core/Src/stm32f7xx_it.o
                0x08002a94                HardFault_Handler
 .text.MemManage_Handler
                0x08002a9c        0x8 ./Core/Src/stm32f7xx_it.o
                0x08002a9c                MemManage_Handler
 .text.BusFault_Handler
                0x08002aa4        0x8 ./Core/Src/stm32f7xx_it.o
                0x08002aa4                BusFault_Handler
 .text.UsageFault_Handler
                0x08002aac        0x8 ./Core/Src/stm32f7xx_it.o
                0x08002aac                UsageFault_Handler
 .text.SVC_Handler
                0x08002ab4        0xe ./Core/Src/stm32f7xx_it.o
                0x08002ab4                SVC_Handler
 .text.DebugMon_Handler
                0x08002ac2        0xe ./Core/Src/stm32f7xx_it.o
                0x08002ac2                DebugMon_Handler
 .text.PendSV_Handler
                0x08002ad0        0xe ./Core/Src/stm32f7xx_it.o
                0x08002ad0                PendSV_Handler
 .text.SysTick_Handler
                0x08002ade        0xc ./Core/Src/stm32f7xx_it.o
                0x08002ade                SysTick_Handler
 *fill*         0x08002aea        0x2 
 .text._sbrk    0x08002aec       0x6c ./Core/Src/sysmem.o
                0x08002aec                _sbrk
 .text.SystemInit
                0x08002b58       0x24 ./Core/Src/system_stm32f7xx.o
                0x08002b58                SystemInit
 .text.Reset_Handler
                0x08002b7c       0x50 ./Core/Startup/startup_stm32f756zgtx.o
                0x08002b7c                Reset_Handler
 .text.Default_Handler
                0x08002bcc        0x2 ./Core/Startup/startup_stm32f756zgtx.o
                0x08002bcc                DMA1_Stream3_IRQHandler
                0x08002bcc                HASH_RNG_IRQHandler
                0x08002bcc                EXTI2_IRQHandler
                0x08002bcc                TIM8_CC_IRQHandler
                0x08002bcc                UART8_IRQHandler
                0x08002bcc                SPI4_IRQHandler
                0x08002bcc                TIM1_CC_IRQHandler
                0x08002bcc                DMA2_Stream5_IRQHandler
                0x08002bcc                DMA1_Stream5_IRQHandler
                0x08002bcc                PVD_IRQHandler
                0x08002bcc                TAMP_STAMP_IRQHandler
                0x08002bcc                CAN2_RX1_IRQHandler
                0x08002bcc                EXTI3_IRQHandler
                0x08002bcc                TIM8_TRG_COM_TIM14_IRQHandler
                0x08002bcc                TIM1_UP_TIM10_IRQHandler
                0x08002bcc                TIM8_UP_TIM13_IRQHandler
                0x08002bcc                I2C3_ER_IRQHandler
                0x08002bcc                EXTI0_IRQHandler
                0x08002bcc                I2C2_EV_IRQHandler
                0x08002bcc                DMA1_Stream2_IRQHandler
                0x08002bcc                CAN1_RX0_IRQHandler
                0x08002bcc                FPU_IRQHandler
                0x08002bcc                OTG_HS_WKUP_IRQHandler
                0x08002bcc                LTDC_ER_IRQHandler
                0x08002bcc                CAN2_SCE_IRQHandler
                0x08002bcc                DMA2_Stream2_IRQHandler
                0x08002bcc                SPI1_IRQHandler
                0x08002bcc                TIM6_DAC_IRQHandler
                0x08002bcc                TIM1_BRK_TIM9_IRQHandler
                0x08002bcc                DCMI_IRQHandler
                0x08002bcc                CAN2_RX0_IRQHandler
                0x08002bcc                DMA2_Stream3_IRQHandler
                0x08002bcc                SAI2_IRQHandler
                0x08002bcc                USART6_IRQHandler
                0x08002bcc                USART3_IRQHandler
                0x08002bcc                CRYP_IRQHandler
                0x08002bcc                CAN1_RX1_IRQHandler
                0x08002bcc                UART5_IRQHandler
                0x08002bcc                DMA2_Stream0_IRQHandler
                0x08002bcc                TIM4_IRQHandler
                0x08002bcc                QUADSPI_IRQHandler
                0x08002bcc                I2C1_EV_IRQHandler
                0x08002bcc                DMA1_Stream6_IRQHandler
                0x08002bcc                DMA1_Stream1_IRQHandler
                0x08002bcc                UART4_IRQHandler
                0x08002bcc                TIM3_IRQHandler
                0x08002bcc                RCC_IRQHandler
                0x08002bcc                TIM8_BRK_TIM12_IRQHandler
                0x08002bcc                Default_Handler
                0x08002bcc                CEC_IRQHandler
                0x08002bcc                EXTI15_10_IRQHandler
                0x08002bcc                ADC_IRQHandler
                0x08002bcc                DMA1_Stream7_IRQHandler
                0x08002bcc                SPI5_IRQHandler
                0x08002bcc                TIM7_IRQHandler
                0x08002bcc                SDMMC1_IRQHandler
                0x08002bcc                CAN2_TX_IRQHandler
                0x08002bcc                TIM5_IRQHandler
                0x08002bcc                DMA2_Stream7_IRQHandler
                0x08002bcc                I2C3_EV_IRQHandler
                0x08002bcc                EXTI9_5_IRQHandler
                0x08002bcc                RTC_WKUP_IRQHandler
                0x08002bcc                LTDC_IRQHandler
                0x08002bcc                ETH_WKUP_IRQHandler
                0x08002bcc                SPDIF_RX_IRQHandler
                0x08002bcc                SPI2_IRQHandler
                0x08002bcc                OTG_HS_EP1_IN_IRQHandler
                0x08002bcc                DMA1_Stream0_IRQHandler
                0x08002bcc                CAN1_TX_IRQHandler
                0x08002bcc                EXTI4_IRQHandler
                0x08002bcc                ETH_IRQHandler
                0x08002bcc                OTG_HS_EP1_OUT_IRQHandler
                0x08002bcc                WWDG_IRQHandler
                0x08002bcc                SPI6_IRQHandler
                0x08002bcc                I2C4_EV_IRQHandler
                0x08002bcc                TIM2_IRQHandler
                0x08002bcc                OTG_FS_WKUP_IRQHandler
                0x08002bcc                TIM1_TRG_COM_TIM11_IRQHandler
                0x08002bcc                OTG_HS_IRQHandler
                0x08002bcc                DMA2D_IRQHandler
                0x08002bcc                EXTI1_IRQHandler
                0x08002bcc                UART7_IRQHandler
                0x08002bcc                USART2_IRQHandler
                0x08002bcc                I2C2_ER_IRQHandler
                0x08002bcc                DMA2_Stream1_IRQHandler
                0x08002bcc                CAN1_SCE_IRQHandler
                0x08002bcc                FLASH_IRQHandler
                0x08002bcc                DMA2_Stream4_IRQHandler
                0x08002bcc                USART1_IRQHandler
                0x08002bcc                OTG_FS_IRQHandler
                0x08002bcc                SPI3_IRQHandler
                0x08002bcc                DMA1_Stream4_IRQHandler
                0x08002bcc                I2C1_ER_IRQHandler
                0x08002bcc                FMC_IRQHandler
                0x08002bcc                LPTIM1_IRQHandler
                0x08002bcc                I2C4_ER_IRQHandler
                0x08002bcc                DMA2_Stream6_IRQHandler
                0x08002bcc                SAI1_IRQHandler
                0x08002bcc                RTC_Alarm_IRQHandler
 .text.HAL_Init
                0x08002bce       0x1a ./Drivers/STM32F7xx_HAL_Driver/Src/stm32f7xx_hal.o
                0x08002bce                HAL_Init
 .text.HAL_InitTick
                0x08002be8       0x60 ./Drivers/STM32F7xx_HAL_Driver/Src/stm32f7xx_hal.o
                0x08002be8                HAL_InitTick
 .text.HAL_IncTick
                0x08002c48       0x28 ./Drivers/STM32F7xx_HAL_Driver/Src/stm32f7xx_hal.o
                0x08002c48                HAL_IncTick
 .text.HAL_GetTick
                0x08002c70       0x18 ./Drivers/STM32F7xx_HAL_Driver/Src/stm32f7xx_hal.o
                0x08002c70                HAL_GetTick
 .text.HAL_Delay
                0x08002c88       0x48 ./Drivers/STM32F7xx_HAL_Driver/Src/stm32f7xx_hal.o
                0x08002c88                HAL_Delay
 .text.__NVIC_SetPriorityGrouping
                0x08002cd0       0x48 ./Drivers/STM32F7xx_HAL_Driver/Src/stm32f7xx_hal_cortex.o
 .text.__NVIC_GetPriorityGrouping
                0x08002d18       0x1c ./Drivers/STM32F7xx_HAL_Driver/Src/stm32f7xx_hal_cortex.o
 .text.__NVIC_SetPriority
                0x08002d34       0x54 ./Drivers/STM32F7xx_HAL_Driver/Src/stm32f7xx_hal_cortex.o
 .text.NVIC_EncodePriority
                0x08002d88       0x66 ./Drivers/STM32F7xx_HAL_Driver/Src/stm32f7xx_hal_cortex.o
 *fill*         0x08002dee        0x2 
 .text.SysTick_Config
                0x08002df0       0x44 ./Drivers/STM32F7xx_HAL_Driver/Src/stm32f7xx_hal_cortex.o
 .text.HAL_NVIC_SetPriorityGrouping
                0x08002e34       0x16 ./Drivers/STM32F7xx_HAL_Driver/Src/stm32f7xx_hal_cortex.o
                0x08002e34                HAL_NVIC_SetPriorityGrouping
 .text.HAL_NVIC_SetPriority
                0x08002e4a       0x38 ./Drivers/STM32F7xx_HAL_Driver/Src/stm32f7xx_hal_cortex.o
                0x08002e4a                HAL_NVIC_SetPriority
 .text.HAL_SYSTICK_Config
                0x08002e82       0x18 ./Drivers/STM32F7xx_HAL_Driver/Src/stm32f7xx_hal_cortex.o
                0x08002e82                HAL_SYSTICK_Config
 *fill*         0x08002e9a        0x2 
 .text.HAL_MPU_Disable
                0x08002e9c       0x30 ./Drivers/STM32F7xx_HAL_Driver/Src/stm32f7xx_hal_cortex.o
                0x08002e9c                HAL_MPU_Disable
 .text.HAL_MPU_Enable
                0x08002ecc       0x40 ./Drivers/STM32F7xx_HAL_Driver/Src/stm32f7xx_hal_cortex.o
                0x08002ecc                HAL_MPU_Enable
 .text.HAL_MPU_ConfigRegion
                0x08002f0c       0x80 ./Drivers/STM32F7xx_HAL_Driver/Src/stm32f7xx_hal_cortex.o
                0x08002f0c                HAL_MPU_ConfigRegion
 .text.HAL_GPIO_Init
                0x08002f8c      0x358 ./Drivers/STM32F7xx_HAL_Driver/Src/stm32f7xx_hal_gpio.o
                0x08002f8c                HAL_GPIO_Init
 .text.HAL_GPIO_ReadPin
                0x080032e4       0x30 ./Drivers/STM32F7xx_HAL_Driver/Src/stm32f7xx_hal_gpio.o
                0x080032e4                HAL_GPIO_ReadPin
 .text.HAL_GPIO_WritePin
                0x08003314       0x32 ./Drivers/STM32F7xx_HAL_Driver/Src/stm32f7xx_hal_gpio.o
                0x08003314                HAL_GPIO_WritePin
 *fill*         0x08003346        0x2 
 .text.HAL_I2C_Init
                0x08003348      0x138 ./Drivers/STM32F7xx_HAL_Driver/Src/stm32f7xx_hal_i2c.o
                0x08003348                HAL_I2C_Init
 .text.HAL_I2C_Mem_Write
                0x08003480      0x228 ./Drivers/STM32F7xx_HAL_Driver/Src/stm32f7xx_hal_i2c.o
                0x08003480                HAL_I2C_Mem_Write
 .text.HAL_I2C_Mem_Read
                0x080036a8      0x234 ./Drivers/STM32F7xx_HAL_Driver/Src/stm32f7xx_hal_i2c.o
                0x080036a8                HAL_I2C_Mem_Read
 .text.HAL_I2C_IsDeviceReady
                0x080038dc      0x20c ./Drivers/STM32F7xx_HAL_Driver/Src/stm32f7xx_hal_i2c.o
                0x080038dc                HAL_I2C_IsDeviceReady
 .text.I2C_RequestMemoryWrite
                0x08003ae8       0xa8 ./Drivers/STM32F7xx_HAL_Driver/Src/stm32f7xx_hal_i2c.o
 .text.I2C_RequestMemoryRead
                0x08003b90       0xa8 ./Drivers/STM32F7xx_HAL_Driver/Src/stm32f7xx_hal_i2c.o
 .text.I2C_Flush_TXDR
                0x08003c38       0x48 ./Drivers/STM32F7xx_HAL_Driver/Src/stm32f7xx_hal_i2c.o
 .text.I2C_WaitOnFlagUntilTimeout
                0x08003c80       0xb2 ./Drivers/STM32F7xx_HAL_Driver/Src/stm32f7xx_hal_i2c.o
 .text.I2C_WaitOnTXISFlagUntilTimeout
                0x08003d32       0x8e ./Drivers/STM32F7xx_HAL_Driver/Src/stm32f7xx_hal_i2c.o
 .text.I2C_WaitOnSTOPFlagUntilTimeout
                0x08003dc0       0x86 ./Drivers/STM32F7xx_HAL_Driver/Src/stm32f7xx_hal_i2c.o
 *fill*         0x08003e46        0x2 
 .text.I2C_IsErrorOccurred
                0x08003e48      0x1c0 ./Drivers/STM32F7xx_HAL_Driver/Src/stm32f7xx_hal_i2c.o
 .text.I2C_TransferConfig
                0x08004008       0x64 ./Drivers/STM32F7xx_HAL_Driver/Src/stm32f7xx_hal_i2c.o
 .text.HAL_I2CEx_ConfigAnalogFilter
                0x0800406c       0x96 ./Drivers/STM32F7xx_HAL_Driver/Src/stm32f7xx_hal_i2c_ex.o
                0x0800406c                HAL_I2CEx_ConfigAnalogFilter
 .text.HAL_I2CEx_ConfigDigitalFilter
                0x08004102       0x98 ./Drivers/STM32F7xx_HAL_Driver/Src/stm32f7xx_hal_i2c_ex.o
                0x08004102                HAL_I2CEx_ConfigDigitalFilter
 *fill*         0x0800419a        0x2 
 .text.HAL_PWREx_EnableOverDrive
                0x0800419c       0xa0 ./Drivers/STM32F7xx_HAL_Driver/Src/stm32f7xx_hal_pwr_ex.o
                0x0800419c                HAL_PWREx_EnableOverDrive
 .text.HAL_RCC_OscConfig
                0x0800423c      0x548 ./Drivers/STM32F7xx_HAL_Driver/Src/stm32f7xx_hal_rcc.o
                0x0800423c                HAL_RCC_OscConfig
 .text.HAL_RCC_ClockConfig
                0x08004784      0x1d8 ./Drivers/STM32F7xx_HAL_Driver/Src/stm32f7xx_hal_rcc.o
                0x08004784                HAL_RCC_ClockConfig
 .text.HAL_RCC_GetSysClockFreq
                0x0800495c      0x18c ./Drivers/STM32F7xx_HAL_Driver/Src/stm32f7xx_hal_rcc.o
                0x0800495c                HAL_RCC_GetSysClockFreq
 .text.HAL_RCC_GetHCLKFreq
                0x08004ae8       0x18 ./Drivers/STM32F7xx_HAL_Driver/Src/stm32f7xx_hal_rcc.o
                0x08004ae8                HAL_RCC_GetHCLKFreq
 .text.HAL_RCC_GetPCLK1Freq
                0x08004b00       0x28 ./Drivers/STM32F7xx_HAL_Driver/Src/stm32f7xx_hal_rcc.o
                0x08004b00                HAL_RCC_GetPCLK1Freq
 .text.HAL_RCC_GetPCLK2Freq
                0x08004b28       0x28 ./Drivers/STM32F7xx_HAL_Driver/Src/stm32f7xx_hal_rcc.o
                0x08004b28                HAL_RCC_GetPCLK2Freq
 .text.HAL_RCCEx_PeriphCLKConfig
                0x08004b50      0x7e0 ./Drivers/STM32F7xx_HAL_Driver/Src/stm32f7xx_hal_rcc_ex.o
                0x08004b50                HAL_RCCEx_PeriphCLKConfig
 .text.HAL_TIM_Encoder_Init
                0x08005330      0x14c ./Drivers/STM32F7xx_HAL_Driver/Src/stm32f7xx_hal_tim.o
                0x08005330                HAL_TIM_Encoder_Init
 .text.HAL_TIM_Encoder_Start
                0x0800547c      0x11c ./Drivers/STM32F7xx_HAL_Driver/Src/stm32f7xx_hal_tim.o
                0x0800547c                HAL_TIM_Encoder_Start
 .text.TIM_Base_SetConfig
                0x08005598      0x14c ./Drivers/STM32F7xx_HAL_Driver/Src/stm32f7xx_hal_tim.o
                0x08005598                TIM_Base_SetConfig
 .text.TIM_CCxChannelCmd
                0x080056e4       0x4a ./Drivers/STM32F7xx_HAL_Driver/Src/stm32f7xx_hal_tim.o
                0x080056e4                TIM_CCxChannelCmd
 *fill*         0x0800572e        0x2 
 .text.HAL_TIMEx_MasterConfigSynchronization
                0x08005730      0x11c ./Drivers/STM32F7xx_HAL_Driver/Src/stm32f7xx_hal_tim_ex.o
                0x08005730                HAL_TIMEx_MasterConfigSynchronization
 .text.HAL_UART_Init
                0x0800584c       0x9c ./Drivers/STM32F7xx_HAL_Driver/Src/stm32f7xx_hal_uart.o
                0x0800584c                HAL_UART_Init
 .text.HAL_UART_Transmit
                0x080058e8      0x112 ./Drivers/STM32F7xx_HAL_Driver/Src/stm32f7xx_hal_uart.o
                0x080058e8                HAL_UART_Transmit
 *fill*         0x080059fa        0x2 
 .text.UART_SetConfig
                0x080059fc      0x4c8 ./Drivers/STM32F7xx_HAL_Driver/Src/stm32f7xx_hal_uart.o
                0x080059fc                UART_SetConfig
 .text.UART_AdvFeatureConfig
                0x08005ec4      0x144 ./Drivers/STM32F7xx_HAL_Driver/Src/stm32f7xx_hal_uart.o
                0x08005ec4                UART_AdvFeatureConfig
 .text.UART_CheckIdleState
                0x08006008       0xae ./Drivers/STM32F7xx_HAL_Driver/Src/stm32f7xx_hal_uart.o
                0x08006008                UART_CheckIdleState
 .text.UART_WaitOnFlagUntilTimeout
                0x080060b6       0xda ./Drivers/STM32F7xx_HAL_Driver/Src/stm32f7xx_hal_uart.o
                0x080060b6                UART_WaitOnFlagUntilTimeout
 .text.UART_EndRxTransfer
                0x08006190       0xc8 ./Drivers/STM32F7xx_HAL_Driver/Src/stm32f7xx_hal_uart.o
 .text.sprintf  0x08006258       0x44 /Applications/STM32CubeIDE.app/Contents/Eclipse/plugins/com.st.stm32cube.ide.mcu.externaltools.gnu-tools-for-stm32.13.3.rel1.macos64_1.0.0.202411102158/tools/bin/../lib/gcc/arm-none-eabi/13.3.1/../../../../arm-none-eabi/lib/thumb/v7e-m+fp/hard/libc_nano.a(libc_a-sprintf.o)
                0x08006258                sprintf
                0x08006258                siprintf
 .text.memset   0x0800629c       0x10 /Applications/STM32CubeIDE.app/Contents/Eclipse/plugins/com.st.stm32cube.ide.mcu.externaltools.gnu-tools-for-stm32.13.3.rel1.macos64_1.0.0.202411102158/tools/bin/../lib/gcc/arm-none-eabi/13.3.1/../../../../arm-none-eabi/lib/thumb/v7e-m+fp/hard/libc_nano.a(libc_a-memset.o)
                0x0800629c                memset
 .text.__errno  0x080062ac        0xc /Applications/STM32CubeIDE.app/Contents/Eclipse/plugins/com.st.stm32cube.ide.mcu.externaltools.gnu-tools-for-stm32.13.3.rel1.macos64_1.0.0.202411102158/tools/bin/../lib/gcc/arm-none-eabi/13.3.1/../../../../arm-none-eabi/lib/thumb/v7e-m+fp/hard/libc_nano.a(libc_a-errno.o)
                0x080062ac                __errno
 .text.__libc_init_array
                0x080062b8       0x48 /Applications/STM32CubeIDE.app/Contents/Eclipse/plugins/com.st.stm32cube.ide.mcu.externaltools.gnu-tools-for-stm32.13.3.rel1.macos64_1.0.0.202411102158/tools/bin/../lib/gcc/arm-none-eabi/13.3.1/../../../../arm-none-eabi/lib/thumb/v7e-m+fp/hard/libc_nano.a(libc_a-init.o)
                0x080062b8                __libc_init_array
 .text.__retarget_lock_acquire_recursive
                0x08006300        0x2 /Applications/STM32CubeIDE.app/Contents/Eclipse/plugins/com.st.stm32cube.ide.mcu.externaltools.gnu-tools-for-stm32.13.3.rel1.macos64_1.0.0.202411102158/tools/bin/../lib/gcc/arm-none-eabi/13.3.1/../../../../arm-none-eabi/lib/thumb/v7e-m+fp/hard/libc_nano.a(libc_a-lock.o)
                0x08006300                __retarget_lock_acquire_recursive
 .text.__retarget_lock_release_recursive
                0x08006302        0x2 /Applications/STM32CubeIDE.app/Contents/Eclipse/plugins/com.st.stm32cube.ide.mcu.externaltools.gnu-tools-for-stm32.13.3.rel1.macos64_1.0.0.202411102158/tools/bin/../lib/gcc/arm-none-eabi/13.3.1/../../../../arm-none-eabi/lib/thumb/v7e-m+fp/hard/libc_nano.a(libc_a-lock.o)
                0x08006302                __retarget_lock_release_recursive
 .text.__ssputs_r
                0x08006304       0xb6 /Applications/STM32CubeIDE.app/Contents/Eclipse/plugins/com.st.stm32cube.ide.mcu.externaltools.gnu-tools-for-stm32.13.3.rel1.macos64_1.0.0.202411102158/tools/bin/../lib/gcc/arm-none-eabi/13.3.1/../../../../arm-none-eabi/lib/thumb/v7e-m+fp/hard/libc_nano.a(libc_a-nano-svfprintf.o)
                0x08006304                __ssputs_r
 *fill*         0x080063ba        0x2 
 .text._svfprintf_r
                0x080063bc      0x1f8 /Applications/STM32CubeIDE.app/Contents/Eclipse/plugins/com.st.stm32cube.ide.mcu.externaltools.gnu-tools-for-stm32.13.3.rel1.macos64_1.0.0.202411102158/tools/bin/../lib/gcc/arm-none-eabi/13.3.1/../../../../arm-none-eabi/lib/thumb/v7e-m+fp/hard/libc_nano.a(libc_a-nano-svfprintf.o)
                0x080063bc                _svfprintf_r
                0x080063bc                _svfiprintf_r
 .text.sbrk_aligned
                0x080065b4       0x44 /Applications/STM32CubeIDE.app/Contents/Eclipse/plugins/com.st.stm32cube.ide.mcu.externaltools.gnu-tools-for-stm32.13.3.rel1.macos64_1.0.0.202411102158/tools/bin/../lib/gcc/arm-none-eabi/13.3.1/../../../../arm-none-eabi/lib/thumb/v7e-m+fp/hard/libc_nano.a(libc_a-mallocr.o)
 .text._malloc_r
                0x080065f8      0x100 /Applications/STM32CubeIDE.app/Contents/Eclipse/plugins/com.st.stm32cube.ide.mcu.externaltools.gnu-tools-for-stm32.13.3.rel1.macos64_1.0.0.202411102158/tools/bin/../lib/gcc/arm-none-eabi/13.3.1/../../../../arm-none-eabi/lib/thumb/v7e-m+fp/hard/libc_nano.a(libc_a-mallocr.o)
                0x080065f8                _malloc_r
 .text._printf_common
                0x080066f8       0xda /Applications/STM32CubeIDE.app/Contents/Eclipse/plugins/com.st.stm32cube.ide.mcu.externaltools.gnu-tools-for-stm32.13.3.rel1.macos64_1.0.0.202411102158/tools/bin/../lib/gcc/arm-none-eabi/13.3.1/../../../../arm-none-eabi/lib/thumb/v7e-m+fp/hard/libc_nano.a(libc_a-nano-vfprintf_i.o)
                0x080066f8                _printf_common
 *fill*         0x080067d2        0x2 
 .text._printf_i
                0x080067d4      0x23c /Applications/STM32CubeIDE.app/Contents/Eclipse/plugins/com.st.stm32cube.ide.mcu.externaltools.gnu-tools-for-stm32.13.3.rel1.macos64_1.0.0.202411102158/tools/bin/../lib/gcc/arm-none-eabi/13.3.1/../../../../arm-none-eabi/lib/thumb/v7e-m+fp/hard/libc_nano.a(libc_a-nano-vfprintf_i.o)
                0x080067d4                _printf_i
 .text.__malloc_lock
                0x08006a10        0xc /Applications/STM32CubeIDE.app/Contents/Eclipse/plugins/com.st.stm32cube.ide.mcu.externaltools.gnu-tools-for-stm32.13.3.rel1.macos64_1.0.0.202411102158/tools/bin/../lib/gcc/arm-none-eabi/13.3.1/../../../../arm-none-eabi/lib/thumb/v7e-m+fp/hard/libc_nano.a(libc_a-mlock.o)
                0x08006a10                __malloc_lock
 .text.__malloc_unlock
                0x08006a1c        0xc /Applications/STM32CubeIDE.app/Contents/Eclipse/plugins/com.st.stm32cube.ide.mcu.externaltools.gnu-tools-for-stm32.13.3.rel1.macos64_1.0.0.202411102158/tools/bin/../lib/gcc/arm-none-eabi/13.3.1/../../../../arm-none-eabi/lib/thumb/v7e-m+fp/hard/libc_nano.a(libc_a-mlock.o)
                0x08006a1c                __malloc_unlock
 .text._realloc_r
                0x08006a28       0x5c /Applications/STM32CubeIDE.app/Contents/Eclipse/plugins/com.st.stm32cube.ide.mcu.externaltools.gnu-tools-for-stm32.13.3.rel1.macos64_1.0.0.202411102158/tools/bin/../lib/gcc/arm-none-eabi/13.3.1/../../../../arm-none-eabi/lib/thumb/v7e-m+fp/hard/libc_nano.a(libc_a-reallocr.o)
                0x08006a28                _realloc_r
 .text.memmove  0x08006a84       0x34 /Applications/STM32CubeIDE.app/Contents/Eclipse/plugins/com.st.stm32cube.ide.mcu.externaltools.gnu-tools-for-stm32.13.3.rel1.macos64_1.0.0.202411102158/tools/bin/../lib/gcc/arm-none-eabi/13.3.1/../../../../arm-none-eabi/lib/thumb/v7e-m+fp/hard/libc_nano.a(libc_a-memmove.o)
                0x08006a84                memmove
 .text._sbrk_r  0x08006ab8       0x20 /Applications/STM32CubeIDE.app/Contents/Eclipse/plugins/com.st.stm32cube.ide.mcu.externaltools.gnu-tools-for-stm32.13.3.rel1.macos64_1.0.0.202411102158/tools/bin/../lib/gcc/arm-none-eabi/13.3.1/../../../../arm-none-eabi/lib/thumb/v7e-m+fp/hard/libc_nano.a(libc_a-sbrkr.o)
                0x08006ab8                _sbrk_r
 .text.memcpy   0x08006ad8       0x1c /Applications/STM32CubeIDE.app/Contents/Eclipse/plugins/com.st.stm32cube.ide.mcu.externaltools.gnu-tools-for-stm32.13.3.rel1.macos64_1.0.0.202411102158/tools/bin/../lib/gcc/arm-none-eabi/13.3.1/../../../../arm-none-eabi/lib/thumb/v7e-m+fp/hard/libc_nano.a(libc_a-memcpy-stub.o)
                0x08006ad8                memcpy
 .text._free_r  0x08006af4       0x94 /Applications/STM32CubeIDE.app/Contents/Eclipse/plugins/com.st.stm32cube.ide.mcu.externaltools.gnu-tools-for-stm32.13.3.rel1.macos64_1.0.0.202411102158/tools/bin/../lib/gcc/arm-none-eabi/13.3.1/../../../../arm-none-eabi/lib/thumb/v7e-m+fp/hard/libc_nano.a(libc_a-freer.o)
                0x08006af4                _free_r
 .text._malloc_usable_size_r
                0x08006b88       0x10 /Applications/STM32CubeIDE.app/Contents/Eclipse/plugins/com.st.stm32cube.ide.mcu.externaltools.gnu-tools-for-stm32.13.3.rel1.macos64_1.0.0.202411102158/tools/bin/../lib/gcc/arm-none-eabi/13.3.1/../../../../arm-none-eabi/lib/thumb/v7e-m+fp/hard/libc_nano.a(libc_a-msizer.o)
                0x08006b88                _malloc_usable_size_r
 *(.glue_7)
 .glue_7        0x08006b98        0x0 linker stubs
 *(.glue_7t)
 .glue_7t       0x08006b98        0x0 linker stubs
 *(.eh_frame)
 .eh_frame      0x08006b98        0x0 /Applications/STM32CubeIDE.app/Contents/Eclipse/plugins/com.st.stm32cube.ide.mcu.externaltools.gnu-tools-for-stm32.13.3.rel1.macos64_1.0.0.202411102158/tools/bin/../lib/gcc/arm-none-eabi/13.3.1/thumb/v7e-m+fp/hard/crtbegin.o
 *(.init)
 .init          0x08006b98        0x4 /Applications/STM32CubeIDE.app/Contents/Eclipse/plugins/com.st.stm32cube.ide.mcu.externaltools.gnu-tools-for-stm32.13.3.rel1.macos64_1.0.0.202411102158/tools/bin/../lib/gcc/arm-none-eabi/13.3.1/thumb/v7e-m+fp/hard/crti.o
                0x08006b98                _init
 .init          0x08006b9c        0x8 /Applications/STM32CubeIDE.app/Contents/Eclipse/plugins/com.st.stm32cube.ide.mcu.externaltools.gnu-tools-for-stm32.13.3.rel1.macos64_1.0.0.202411102158/tools/bin/../lib/gcc/arm-none-eabi/13.3.1/thumb/v7e-m+fp/hard/crtn.o
 *(.fini)
 .fini          0x08006ba4        0x4 /Applications/STM32CubeIDE.app/Contents/Eclipse/plugins/com.st.stm32cube.ide.mcu.externaltools.gnu-tools-for-stm32.13.3.rel1.macos64_1.0.0.202411102158/tools/bin/../lib/gcc/arm-none-eabi/13.3.1/thumb/v7e-m+fp/hard/crti.o
                0x08006ba4                _fini
 .fini          0x08006ba8        0x8 /Applications/STM32CubeIDE.app/Contents/Eclipse/plugins/com.st.stm32cube.ide.mcu.externaltools.gnu-tools-for-stm32.13.3.rel1.macos64_1.0.0.202411102158/tools/bin/../lib/gcc/arm-none-eabi/13.3.1/thumb/v7e-m+fp/hard/crtn.o
                0x08006bb0                        . = ALIGN (0x4)
                0x08006bb0                        _etext = .

.vfp11_veneer   0x08006bb0        0x0
 .vfp11_veneer  0x08006bb0        0x0 linker stubs

.v4_bx          0x08006bb0        0x0
 .v4_bx         0x08006bb0        0x0 linker stubs

.iplt           0x08006bb0        0x0
 .iplt          0x08006bb0        0x0 /Applications/STM32CubeIDE.app/Contents/Eclipse/plugins/com.st.stm32cube.ide.mcu.externaltools.gnu-tools-for-stm32.13.3.rel1.macos64_1.0.0.202411102158/tools/bin/../lib/gcc/arm-none-eabi/13.3.1/thumb/v7e-m+fp/hard/crtbegin.o

.rodata         0x08006bb0      0x1f0
                0x08006bb0                        . = ALIGN (0x4)
 *(.rodata)
 .rodata        0x08006bb0      0x1a3 ./Core/Src/main.o
 *(.rodata*)
 *fill*         0x08006d53        0x1 
 .rodata.AHBPrescTable
                0x08006d54       0x10 ./Core/Src/system_stm32f7xx.o
                0x08006d54                AHBPrescTable
 .rodata.APBPrescTable
                0x08006d64        0x8 ./Core/Src/system_stm32f7xx.o
                0x08006d64                APBPrescTable
 .rodata._svfprintf_r.str1.1
                0x08006d6c       0x33 /Applications/STM32CubeIDE.app/Contents/Eclipse/plugins/com.st.stm32cube.ide.mcu.externaltools.gnu-tools-for-stm32.13.3.rel1.macos64_1.0.0.202411102158/tools/bin/../lib/gcc/arm-none-eabi/13.3.1/../../../../arm-none-eabi/lib/thumb/v7e-m+fp/hard/libc_nano.a(libc_a-nano-svfprintf.o)
                                 0x11 (size before relaxing)
 .rodata._printf_i.str1.1
                0x08006d9f       0x22 /Applications/STM32CubeIDE.app/Contents/Eclipse/plugins/com.st.stm32cube.ide.mcu.externaltools.gnu-tools-for-stm32.13.3.rel1.macos64_1.0.0.202411102158/tools/bin/../lib/gcc/arm-none-eabi/13.3.1/../../../../arm-none-eabi/lib/thumb/v7e-m+fp/hard/libc_nano.a(libc_a-nano-vfprintf_i.o)
                0x08006dc4                        . = ALIGN (0x4)
 *fill*         0x08006d9f        0x1 

.ARM.extab      0x08006da0        0x0
                0x08006da0                        . = ALIGN (0x4)
 *(.ARM.extab* .gnu.linkonce.armextab.*)
                0x08006da0                        . = ALIGN (0x4)

.ARM            0x08006da0        0x8
                0x08006da0                        . = ALIGN (0x4)
                0x08006da0                        __exidx_start = .
 *(.ARM.exidx*)
 .ARM.exidx     0x08006da0        0x8 /Applications/STM32CubeIDE.app/Contents/Eclipse/plugins/com.st.stm32cube.ide.mcu.externaltools.gnu-tools-for-stm32.13.3.rel1.macos64_1.0.0.202411102158/tools/bin/../lib/gcc/arm-none-eabi/13.3.1/../../../../arm-none-eabi/lib/thumb/v7e-m+fp/hard/libc_nano.a(libc_a-strlen.o)
 .ARM.exidx     0x08006da8        0x0 /Applications/STM32CubeIDE.app/Contents/Eclipse/plugins/com.st.stm32cube.ide.mcu.externaltools.gnu-tools-for-stm32.13.3.rel1.macos64_1.0.0.202411102158/tools/bin/../lib/gcc/arm-none-eabi/13.3.1/../../../../arm-none-eabi/lib/thumb/v7e-m+fp/hard/libc_nano.a(libc_a-memchr.o)
                                  0x8 (size before relaxing)
 .ARM.exidx     0x08006da8        0x0 /Applications/STM32CubeIDE.app/Contents/Eclipse/plugins/com.st.stm32cube.ide.mcu.externaltools.gnu-tools-for-stm32.13.3.rel1.macos64_1.0.0.202411102158/tools/bin/../lib/gcc/arm-none-eabi/13.3.1/thumb/v7e-m+fp/hard/libgcc.a(_udivmoddi4.o)
                                  0x8 (size before relaxing)
                0x08006da8                        __exidx_end = .
                0x08006da8                        . = ALIGN (0x4)

.preinit_array  0x08006da8        0x0
                0x08006da8                        . = ALIGN (0x4)
                0x08006da8                        PROVIDE (__preinit_array_start = .)
 *(.preinit_array*)
                0x08006da8                        PROVIDE (__preinit_array_end = .)
                0x08006da8                        . = ALIGN (0x4)

.init_array     0x08006da8        0x4
                0x08006da8                        . = ALIGN (0x4)
                0x08006da8                        PROVIDE (__init_array_start = .)
 *(SORT_BY_NAME(.init_array.*))
 *(.init_array*)
 .init_array    0x08006da8        0x4 /Applications/STM32CubeIDE.app/Contents/Eclipse/plugins/com.st.stm32cube.ide.mcu.externaltools.gnu-tools-for-stm32.13.3.rel1.macos64_1.0.0.202411102158/tools/bin/../lib/gcc/arm-none-eabi/13.3.1/thumb/v7e-m+fp/hard/crtbegin.o
                0x08006dac                        PROVIDE (__init_array_end = .)
                0x08006dac                        . = ALIGN (0x4)

.fini_array     0x08006dac        0x4
                0x08006dac                        . = ALIGN (0x4)
                [!provide]                        PROVIDE (__fini_array_start = .)
 *(SORT_BY_NAME(.fini_array.*))
 *(.fini_array*)
 .fini_array    0x08006dac        0x4 /Applications/STM32CubeIDE.app/Contents/Eclipse/plugins/com.st.stm32cube.ide.mcu.externaltools.gnu-tools-for-stm32.13.3.rel1.macos64_1.0.0.202411102158/tools/bin/../lib/gcc/arm-none-eabi/13.3.1/thumb/v7e-m+fp/hard/crtbegin.o
                [!provide]                        PROVIDE (__fini_array_end = .)
                0x08006db0                        . = ALIGN (0x4)
                0x08006db0                        _sidata = LOADADDR (.data)

.rel.dyn        0x08006db0        0x0
 .rel.iplt      0x08006db0        0x0 /Applications/STM32CubeIDE.app/Contents/Eclipse/plugins/com.st.stm32cube.ide.mcu.externaltools.gnu-tools-for-stm32.13.3.rel1.macos64_1.0.0.202411102158/tools/bin/../lib/gcc/arm-none-eabi/13.3.1/thumb/v7e-m+fp/hard/crtbegin.o

.data           0x20000000       0x60 load address 0x08006db0
                0x20000000                        . = ALIGN (0x4)
                0x20000000                        _sdata = .
 *(.data)
 *(.data*)
 .data.direction.1
                0x20000000        0x1 ./Core/Src/encoder.o
 .data.last_ir_sensor_state
                0x20000001        0x1 ./Core/Src/main.o
                0x20000001                last_ir_sensor_state
 *fill*         0x20000002        0x2 
 .data.SystemCoreClock
                0x20000004        0x4 ./Core/Src/system_stm32f7xx.o
                0x20000004                SystemCoreClock
 .data.uwTickPrio
                0x20000008        0x4 ./Drivers/STM32F7xx_HAL_Driver/Src/stm32f7xx_hal.o
                0x20000008                uwTickPrio
 .data.uwTickFreq
                0x2000000c        0x1 ./Drivers/STM32F7xx_HAL_Driver/Src/stm32f7xx_hal.o
                0x2000000c                uwTickFreq
 *fill*         0x2000000d        0x3 
 .data._impure_ptr
                0x20000010        0x4 /Applications/STM32CubeIDE.app/Contents/Eclipse/plugins/com.st.stm32cube.ide.mcu.externaltools.gnu-tools-for-stm32.13.3.rel1.macos64_1.0.0.202411102158/tools/bin/../lib/gcc/arm-none-eabi/13.3.1/../../../../arm-none-eabi/lib/thumb/v7e-m+fp/hard/libc_nano.a(libc_a-impure.o)
                0x20000010                _impure_ptr
 .data._impure_data
                0x20000014       0x4c /Applications/STM32CubeIDE.app/Contents/Eclipse/plugins/com.st.stm32cube.ide.mcu.externaltools.gnu-tools-for-stm32.13.3.rel1.macos64_1.0.0.202411102158/tools/bin/../lib/gcc/arm-none-eabi/13.3.1/../../../../arm-none-eabi/lib/thumb/v7e-m+fp/hard/libc_nano.a(libc_a-impure.o)
                0x20000014                _impure_data
 *(.RamFunc)
 *(.RamFunc*)
                0x20000060                        . = ALIGN (0x4)
                0x20000060                        _edata = .

.igot.plt       0x20000060        0x0 load address 0x08006e10
 .igot.plt      0x20000060        0x0 /Applications/STM32CubeIDE.app/Contents/Eclipse/plugins/com.st.stm32cube.ide.mcu.externaltools.gnu-tools-for-stm32.13.3.rel1.macos64_1.0.0.202411102158/tools/bin/../lib/gcc/arm-none-eabi/13.3.1/thumb/v7e-m+fp/hard/crtbegin.o
                0x20000060                        . = ALIGN (0x4)

.bss            0x20000060      0x5e0 load address 0x08006e10
                0x20000060                        _sbss = .
                0x20000060                        __bss_start__ = _sbss
 *(.bss)
 .bss           0x20000060       0x1c /Applications/STM32CubeIDE.app/Contents/Eclipse/plugins/com.st.stm32cube.ide.mcu.externaltools.gnu-tools-for-stm32.13.3.rel1.macos64_1.0.0.202411102158/tools/bin/../lib/gcc/arm-none-eabi/13.3.1/thumb/v7e-m+fp/hard/crtbegin.o
 *(.bss*)
 .bss.Buff      0x2000007c       0x14 ./Core/Src/INA226.o
                0x2000007c                Buff
 .bss.tempReg   0x20000090        0x2 ./Core/Src/INA226.o
                0x20000090                tempReg
 *fill*         0x20000092        0x2 
 .bss.INA226_values
                0x20000094       0x10 ./Core/Src/INA226.o
                0x20000094                INA226_values
 .bss.encoder_position
                0x200000a4        0x4 ./Core/Src/encoder.o
                0x200000a4                encoder_position
 .bss.encoder_last
                0x200000a8        0x4 ./Core/Src/encoder.o
                0x200000a8                encoder_last
 .bss.encoder_velocity
                0x200000ac        0x4 ./Core/Src/encoder.o
                0x200000ac                encoder_velocity
 .bss.encoder_speed
                0x200000b0        0x4 ./Core/Src/encoder.o
                0x200000b0                encoder_speed
 .bss.encoder_total_distance
                0x200000b4        0x4 ./Core/Src/encoder.o
                0x200000b4                encoder_total_distance
 .bss.last_tick
                0x200000b8        0x4 ./Core/Src/encoder.o
                0x200000b8                last_tick
 .bss.prev_distance.2
                0x200000bc        0x4 ./Core/Src/encoder.o
 .bss.tunnel_end_alerted.0
                0x200000c0        0x1 ./Core/Src/encoder.o
 *fill*         0x200000c1        0x3 
 .bss.bno055_sensor
                0x200000c4       0x10 ./Core/Src/main.o
                0x200000c4                bno055_sensor
 .bss.ir_sensor
                0x200000d4       0x14 ./Core/Src/main.o
                0x200000d4                ir_sensor
 .bss.hi2c1     0x200000e8       0x54 ./Core/Src/main.o
                0x200000e8                hi2c1
 .bss.hi2c2     0x2000013c       0x54 ./Core/Src/main.o
                0x2000013c                hi2c2
 .bss.htim3     0x20000190       0x4c ./Core/Src/main.o
                0x20000190                htim3
 .bss.huart2    0x200001dc       0x88 ./Core/Src/main.o
                0x200001dc                huart2
 .bss.ina226_bus_voltage
                0x20000264        0x4 ./Core/Src/main.o
                0x20000264                ina226_bus_voltage
 .bss.ina226_shunt_voltage
                0x20000268        0x4 ./Core/Src/main.o
                0x20000268                ina226_shunt_voltage
 .bss.ina226_current
                0x2000026c        0x4 ./Core/Src/main.o
                0x2000026c                ina226_current
 .bss.ina226_power
                0x20000270        0x4 ./Core/Src/main.o
                0x20000270                ina226_power
 .bss.ina226_current_ma
                0x20000274        0x4 ./Core/Src/main.o
                0x20000274                ina226_current_ma
 .bss.ina226_power_mw
                0x20000278        0x4 ./Core/Src/main.o
                0x20000278                ina226_power_mw
 .bss.ina226_connection_status
                0x2000027c        0x1 ./Core/Src/main.o
                0x2000027c                ina226_connection_status
 *fill*         0x2000027d        0x3 
 .bss.ambient_temp_C
                0x20000280        0x4 ./Core/Src/main.o
                0x20000280                ambient_temp_C
 .bss.object_temp_C
                0x20000284        0x4 ./Core/Src/main.o
                0x20000284                object_temp_C
 .bss.mlx_connection_status
                0x20000288        0x1 ./Core/Src/main.o
                0x20000288                mlx_connection_status
 *fill*         0x20000289        0x3 
 .bss.ambient_error_count
                0x2000028c        0x4 ./Core/Src/main.o
                0x2000028c                ambient_error_count
 .bss.object_error_count
                0x20000290        0x4 ./Core/Src/main.o
                0x20000290                object_error_count
 .bss.accel_x   0x20000294        0x4 ./Core/Src/main.o
                0x20000294                accel_x
 .bss.accel_y   0x20000298        0x4 ./Core/Src/main.o
                0x20000298                accel_y
 .bss.accel_z   0x2000029c        0x4 ./Core/Src/main.o
                0x2000029c                accel_z
 .bss.gyro_x    0x200002a0        0x4 ./Core/Src/main.o
                0x200002a0                gyro_x
 .bss.gyro_y    0x200002a4        0x4 ./Core/Src/main.o
                0x200002a4                gyro_y
 .bss.gyro_z    0x200002a8        0x4 ./Core/Src/main.o
                0x200002a8                gyro_z
 .bss.ir_sensor_state
                0x200002ac        0x1 ./Core/Src/main.o
                0x200002ac                ir_sensor_state
 *fill*         0x200002ad        0x3 
 .bss.ir_object_count
                0x200002b0        0x4 ./Core/Src/main.o
                0x200002b0                ir_object_count
 .bss.mlx90614_sensor_instance
                0x200002b4       0x3c ./Core/Src/main.o
                0x200002b4                mlx90614_sensor_instance
 .bss.uart_buffer
                0x200002f0      0x200 ./Core/Src/main.o
                0x200002f0                uart_buffer
 .bss.__sbrk_heap_end
                0x200004f0        0x4 ./Core/Src/sysmem.o
 .bss.uwTick    0x200004f4        0x4 ./Drivers/STM32F7xx_HAL_Driver/Src/stm32f7xx_hal.o
                0x200004f4                uwTick
 .bss.__sf      0x200004f8      0x138 /Applications/STM32CubeIDE.app/Contents/Eclipse/plugins/com.st.stm32cube.ide.mcu.externaltools.gnu-tools-for-stm32.13.3.rel1.macos64_1.0.0.202411102158/tools/bin/../lib/gcc/arm-none-eabi/13.3.1/../../../../arm-none-eabi/lib/thumb/v7e-m+fp/hard/libc_nano.a(libc_a-findfp.o)
                0x200004f8                __sf
 .bss.__lock___malloc_recursive_mutex
                0x20000630        0x1 /Applications/STM32CubeIDE.app/Contents/Eclipse/plugins/com.st.stm32cube.ide.mcu.externaltools.gnu-tools-for-stm32.13.3.rel1.macos64_1.0.0.202411102158/tools/bin/../lib/gcc/arm-none-eabi/13.3.1/../../../../arm-none-eabi/lib/thumb/v7e-m+fp/hard/libc_nano.a(libc_a-lock.o)
                0x20000630                __lock___malloc_recursive_mutex
 *fill*         0x20000631        0x3 
 .bss.__malloc_sbrk_start
                0x20000634        0x4 /Applications/STM32CubeIDE.app/Contents/Eclipse/plugins/com.st.stm32cube.ide.mcu.externaltools.gnu-tools-for-stm32.13.3.rel1.macos64_1.0.0.202411102158/tools/bin/../lib/gcc/arm-none-eabi/13.3.1/../../../../arm-none-eabi/lib/thumb/v7e-m+fp/hard/libc_nano.a(libc_a-mallocr.o)
                0x20000634                __malloc_sbrk_start
 .bss.__malloc_free_list
                0x20000638        0x4 /Applications/STM32CubeIDE.app/Contents/Eclipse/plugins/com.st.stm32cube.ide.mcu.externaltools.gnu-tools-for-stm32.13.3.rel1.macos64_1.0.0.202411102158/tools/bin/../lib/gcc/arm-none-eabi/13.3.1/../../../../arm-none-eabi/lib/thumb/v7e-m+fp/hard/libc_nano.a(libc_a-mallocr.o)
                0x20000638                __malloc_free_list
 .bss.errno     0x2000063c        0x4 /Applications/STM32CubeIDE.app/Contents/Eclipse/plugins/com.st.stm32cube.ide.mcu.externaltools.gnu-tools-for-stm32.13.3.rel1.macos64_1.0.0.202411102158/tools/bin/../lib/gcc/arm-none-eabi/13.3.1/../../../../arm-none-eabi/lib/thumb/v7e-m+fp/hard/libc_nano.a(libc_a-reent.o)
                0x2000063c                errno
 *(COMMON)
                0x20000640                        . = ALIGN (0x4)
                0x20000640                        _ebss = .
                0x20000640                        __bss_end__ = _ebss

._user_heap_stack
                0x20000640      0x600 load address 0x08006e10
                0x20000640                        . = ALIGN (0x8)
                [!provide]                        PROVIDE (end = .)
                0x20000640                        PROVIDE (_end = .)
                0x20000840                        . = (. + _Min_Heap_Size)
 *fill*         0x20000640      0x200 
                0x20000c40                        . = (. + _Min_Stack_Size)
 *fill*         0x20000840      0x400 
                0x20000c40                        . = ALIGN (0x8)

/DISCARD/
 libc.a(*)
 libm.a(*)
 libgcc.a(*)

.ARM.attributes
                0x00000000       0x30
 *(.ARM.attributes)
 .ARM.attributes
                0x00000000       0x22 /Applications/STM32CubeIDE.app/Contents/Eclipse/plugins/com.st.stm32cube.ide.mcu.externaltools.gnu-tools-for-stm32.13.3.rel1.macos64_1.0.0.202411102158/tools/bin/../lib/gcc/arm-none-eabi/13.3.1/thumb/v7e-m+fp/hard/crti.o
 .ARM.attributes
                0x00000022       0x34 /Applications/STM32CubeIDE.app/Contents/Eclipse/plugins/com.st.stm32cube.ide.mcu.externaltools.gnu-tools-for-stm32.13.3.rel1.macos64_1.0.0.202411102158/tools/bin/../lib/gcc/arm-none-eabi/13.3.1/thumb/v7e-m+fp/hard/crtbegin.o
 .ARM.attributes
                0x00000056       0x34 ./Core/Src/INA226.o
 .ARM.attributes
                0x0000008a       0x34 ./Core/Src/bno055.o
 .ARM.attributes
                0x000000be       0x34 ./Core/Src/encoder.o
 .ARM.attributes
                0x000000f2       0x34 ./Core/Src/ir_sensor.o
 .ARM.attributes
                0x00000126       0x34 ./Core/Src/main.o
 .ARM.attributes
                0x0000015a       0x34 ./Core/Src/mlx90614.o
 .ARM.attributes
                0x0000018e       0x34 ./Core/Src/stm32f7xx_hal_msp.o
 .ARM.attributes
                0x000001c2       0x34 ./Core/Src/stm32f7xx_it.o
 .ARM.attributes
                0x000001f6       0x34 ./Core/Src/sysmem.o
 .ARM.attributes
                0x0000022a       0x34 ./Core/Src/system_stm32f7xx.o
 .ARM.attributes
                0x0000025e       0x21 ./Core/Startup/startup_stm32f756zgtx.o
 .ARM.attributes
                0x0000027f       0x34 ./Drivers/STM32F7xx_HAL_Driver/Src/stm32f7xx_hal.o
 .ARM.attributes
                0x000002b3       0x34 ./Drivers/STM32F7xx_HAL_Driver/Src/stm32f7xx_hal_cortex.o
 .ARM.attributes
                0x000002e7       0x34 ./Drivers/STM32F7xx_HAL_Driver/Src/stm32f7xx_hal_gpio.o
 .ARM.attributes
                0x0000031b       0x34 ./Drivers/STM32F7xx_HAL_Driver/Src/stm32f7xx_hal_i2c.o
 .ARM.attributes
                0x0000034f       0x34 ./Drivers/STM32F7xx_HAL_Driver/Src/stm32f7xx_hal_i2c_ex.o
 .ARM.attributes
                0x00000383       0x34 ./Drivers/STM32F7xx_HAL_Driver/Src/stm32f7xx_hal_pwr_ex.o
 .ARM.attributes
                0x000003b7       0x34 ./Drivers/STM32F7xx_HAL_Driver/Src/stm32f7xx_hal_rcc.o
 .ARM.attributes
                0x000003eb       0x34 ./Drivers/STM32F7xx_HAL_Driver/Src/stm32f7xx_hal_rcc_ex.o
 .ARM.attributes
                0x0000041f       0x34 ./Drivers/STM32F7xx_HAL_Driver/Src/stm32f7xx_hal_tim.o
 .ARM.attributes
                0x00000453       0x34 ./Drivers/STM32F7xx_HAL_Driver/Src/stm32f7xx_hal_tim_ex.o
 .ARM.attributes
                0x00000487       0x34 ./Drivers/STM32F7xx_HAL_Driver/Src/stm32f7xx_hal_uart.o
 .ARM.attributes
                0x000004bb       0x34 /Applications/STM32CubeIDE.app/Contents/Eclipse/plugins/com.st.stm32cube.ide.mcu.externaltools.gnu-tools-for-stm32.13.3.rel1.macos64_1.0.0.202411102158/tools/bin/../lib/gcc/arm-none-eabi/13.3.1/../../../../arm-none-eabi/lib/thumb/v7e-m+fp/hard/libc_nano.a(libc_a-sprintf.o)
 .ARM.attributes
                0x000004ef       0x34 /Applications/STM32CubeIDE.app/Contents/Eclipse/plugins/com.st.stm32cube.ide.mcu.externaltools.gnu-tools-for-stm32.13.3.rel1.macos64_1.0.0.202411102158/tools/bin/../lib/gcc/arm-none-eabi/13.3.1/../../../../arm-none-eabi/lib/thumb/v7e-m+fp/hard/libc_nano.a(libc_a-findfp.o)
 .ARM.attributes
                0x00000523       0x34 /Applications/STM32CubeIDE.app/Contents/Eclipse/plugins/com.st.stm32cube.ide.mcu.externaltools.gnu-tools-for-stm32.13.3.rel1.macos64_1.0.0.202411102158/tools/bin/../lib/gcc/arm-none-eabi/13.3.1/../../../../arm-none-eabi/lib/thumb/v7e-m+fp/hard/libc_nano.a(libc_a-memset.o)
 .ARM.attributes
                0x00000557       0x34 /Applications/STM32CubeIDE.app/Contents/Eclipse/plugins/com.st.stm32cube.ide.mcu.externaltools.gnu-tools-for-stm32.13.3.rel1.macos64_1.0.0.202411102158/tools/bin/../lib/gcc/arm-none-eabi/13.3.1/../../../../arm-none-eabi/lib/thumb/v7e-m+fp/hard/libc_nano.a(libc_a-errno.o)
 .ARM.attributes
                0x0000058b       0x34 /Applications/STM32CubeIDE.app/Contents/Eclipse/plugins/com.st.stm32cube.ide.mcu.externaltools.gnu-tools-for-stm32.13.3.rel1.macos64_1.0.0.202411102158/tools/bin/../lib/gcc/arm-none-eabi/13.3.1/../../../../arm-none-eabi/lib/thumb/v7e-m+fp/hard/libc_nano.a(libc_a-init.o)
 .ARM.attributes
                0x000005bf       0x34 /Applications/STM32CubeIDE.app/Contents/Eclipse/plugins/com.st.stm32cube.ide.mcu.externaltools.gnu-tools-for-stm32.13.3.rel1.macos64_1.0.0.202411102158/tools/bin/../lib/gcc/arm-none-eabi/13.3.1/../../../../arm-none-eabi/lib/thumb/v7e-m+fp/hard/libc_nano.a(libc_a-lock.o)
 .ARM.attributes
                0x000005f3       0x34 /Applications/STM32CubeIDE.app/Contents/Eclipse/plugins/com.st.stm32cube.ide.mcu.externaltools.gnu-tools-for-stm32.13.3.rel1.macos64_1.0.0.202411102158/tools/bin/../lib/gcc/arm-none-eabi/13.3.1/../../../../arm-none-eabi/lib/thumb/v7e-m+fp/hard/libc_nano.a(libc_a-impure.o)
 .ARM.attributes
                0x00000627       0x17 /Applications/STM32CubeIDE.app/Contents/Eclipse/plugins/com.st.stm32cube.ide.mcu.externaltools.gnu-tools-for-stm32.13.3.rel1.macos64_1.0.0.202411102158/tools/bin/../lib/gcc/arm-none-eabi/13.3.1/../../../../arm-none-eabi/lib/thumb/v7e-m+fp/hard/libc_nano.a(libc_a-strlen.o)
 .ARM.attributes
                0x0000063e       0x34 /Applications/STM32CubeIDE.app/Contents/Eclipse/plugins/com.st.stm32cube.ide.mcu.externaltools.gnu-tools-for-stm32.13.3.rel1.macos64_1.0.0.202411102158/tools/bin/../lib/gcc/arm-none-eabi/13.3.1/../../../../arm-none-eabi/lib/thumb/v7e-m+fp/hard/libc_nano.a(libc_a-nano-svfprintf.o)
 .ARM.attributes
                0x00000672       0x34 /Applications/STM32CubeIDE.app/Contents/Eclipse/plugins/com.st.stm32cube.ide.mcu.externaltools.gnu-tools-for-stm32.13.3.rel1.macos64_1.0.0.202411102158/tools/bin/../lib/gcc/arm-none-eabi/13.3.1/../../../../arm-none-eabi/lib/thumb/v7e-m+fp/hard/libc_nano.a(libc_a-mallocr.o)
 .ARM.attributes
                0x000006a6       0x34 /Applications/STM32CubeIDE.app/Contents/Eclipse/plugins/com.st.stm32cube.ide.mcu.externaltools.gnu-tools-for-stm32.13.3.rel1.macos64_1.0.0.202411102158/tools/bin/../lib/gcc/arm-none-eabi/13.3.1/../../../../arm-none-eabi/lib/thumb/v7e-m+fp/hard/libc_nano.a(libc_a-nano-vfprintf_i.o)
 .ARM.attributes
                0x000006da       0x34 /Applications/STM32CubeIDE.app/Contents/Eclipse/plugins/com.st.stm32cube.ide.mcu.externaltools.gnu-tools-for-stm32.13.3.rel1.macos64_1.0.0.202411102158/tools/bin/../lib/gcc/arm-none-eabi/13.3.1/../../../../arm-none-eabi/lib/thumb/v7e-m+fp/hard/libc_nano.a(libc_a-mlock.o)
 .ARM.attributes
                0x0000070e       0x34 /Applications/STM32CubeIDE.app/Contents/Eclipse/plugins/com.st.stm32cube.ide.mcu.externaltools.gnu-tools-for-stm32.13.3.rel1.macos64_1.0.0.202411102158/tools/bin/../lib/gcc/arm-none-eabi/13.3.1/../../../../arm-none-eabi/lib/thumb/v7e-m+fp/hard/libc_nano.a(libc_a-reallocr.o)
 .ARM.attributes
                0x00000742       0x34 /Applications/STM32CubeIDE.app/Contents/Eclipse/plugins/com.st.stm32cube.ide.mcu.externaltools.gnu-tools-for-stm32.13.3.rel1.macos64_1.0.0.202411102158/tools/bin/../lib/gcc/arm-none-eabi/13.3.1/../../../../arm-none-eabi/lib/thumb/v7e-m+fp/hard/libc_nano.a(libc_a-memmove.o)
 .ARM.attributes
                0x00000776       0x34 /Applications/STM32CubeIDE.app/Contents/Eclipse/plugins/com.st.stm32cube.ide.mcu.externaltools.gnu-tools-for-stm32.13.3.rel1.macos64_1.0.0.202411102158/tools/bin/../lib/gcc/arm-none-eabi/13.3.1/../../../../arm-none-eabi/lib/thumb/v7e-m+fp/hard/libc_nano.a(libc_a-sbrkr.o)
 .ARM.attributes
                0x000007aa       0x34 /Applications/STM32CubeIDE.app/Contents/Eclipse/plugins/com.st.stm32cube.ide.mcu.externaltools.gnu-tools-for-stm32.13.3.rel1.macos64_1.0.0.202411102158/tools/bin/../lib/gcc/arm-none-eabi/13.3.1/../../../../arm-none-eabi/lib/thumb/v7e-m+fp/hard/libc_nano.a(libc_a-reent.o)
 .ARM.attributes
                0x000007de       0x1c /Applications/STM32CubeIDE.app/Contents/Eclipse/plugins/com.st.stm32cube.ide.mcu.externaltools.gnu-tools-for-stm32.13.3.rel1.macos64_1.0.0.202411102158/tools/bin/../lib/gcc/arm-none-eabi/13.3.1/../../../../arm-none-eabi/lib/thumb/v7e-m+fp/hard/libc_nano.a(libc_a-memchr.o)
 .ARM.attributes
                0x000007fa       0x34 /Applications/STM32CubeIDE.app/Contents/Eclipse/plugins/com.st.stm32cube.ide.mcu.externaltools.gnu-tools-for-stm32.13.3.rel1.macos64_1.0.0.202411102158/tools/bin/../lib/gcc/arm-none-eabi/13.3.1/../../../../arm-none-eabi/lib/thumb/v7e-m+fp/hard/libc_nano.a(libc_a-memcpy-stub.o)
 .ARM.attributes
                0x0000082e       0x34 /Applications/STM32CubeIDE.app/Contents/Eclipse/plugins/com.st.stm32cube.ide.mcu.externaltools.gnu-tools-for-stm32.13.3.rel1.macos64_1.0.0.202411102158/tools/bin/../lib/gcc/arm-none-eabi/13.3.1/../../../../arm-none-eabi/lib/thumb/v7e-m+fp/hard/libc_nano.a(libc_a-freer.o)
 .ARM.attributes
                0x00000862       0x34 /Applications/STM32CubeIDE.app/Contents/Eclipse/plugins/com.st.stm32cube.ide.mcu.externaltools.gnu-tools-for-stm32.13.3.rel1.macos64_1.0.0.202411102158/tools/bin/../lib/gcc/arm-none-eabi/13.3.1/../../../../arm-none-eabi/lib/thumb/v7e-m+fp/hard/libc_nano.a(libc_a-msizer.o)
 .ARM.attributes
                0x00000896       0x22 /Applications/STM32CubeIDE.app/Contents/Eclipse/plugins/com.st.stm32cube.ide.mcu.externaltools.gnu-tools-for-stm32.13.3.rel1.macos64_1.0.0.202411102158/tools/bin/../lib/gcc/arm-none-eabi/13.3.1/thumb/v7e-m+fp/hard/libgcc.a(_arm_addsubdf3.o)
 .ARM.attributes
                0x000008b8       0x22 /Applications/STM32CubeIDE.app/Contents/Eclipse/plugins/com.st.stm32cube.ide.mcu.externaltools.gnu-tools-for-stm32.13.3.rel1.macos64_1.0.0.202411102158/tools/bin/../lib/gcc/arm-none-eabi/13.3.1/thumb/v7e-m+fp/hard/libgcc.a(_arm_muldivdf3.o)
 .ARM.attributes
                0x000008da       0x22 /Applications/STM32CubeIDE.app/Contents/Eclipse/plugins/com.st.stm32cube.ide.mcu.externaltools.gnu-tools-for-stm32.13.3.rel1.macos64_1.0.0.202411102158/tools/bin/../lib/gcc/arm-none-eabi/13.3.1/thumb/v7e-m+fp/hard/libgcc.a(_arm_truncdfsf2.o)
 .ARM.attributes
                0x000008fc       0x22 /Applications/STM32CubeIDE.app/Contents/Eclipse/plugins/com.st.stm32cube.ide.mcu.externaltools.gnu-tools-for-stm32.13.3.rel1.macos64_1.0.0.202411102158/tools/bin/../lib/gcc/arm-none-eabi/13.3.1/thumb/v7e-m+fp/hard/libgcc.a(_aeabi_uldivmod.o)
 .ARM.attributes
                0x0000091e       0x34 /Applications/STM32CubeIDE.app/Contents/Eclipse/plugins/com.st.stm32cube.ide.mcu.externaltools.gnu-tools-for-stm32.13.3.rel1.macos64_1.0.0.202411102158/tools/bin/../lib/gcc/arm-none-eabi/13.3.1/thumb/v7e-m+fp/hard/libgcc.a(_udivmoddi4.o)
 .ARM.attributes
                0x00000952       0x22 /Applications/STM32CubeIDE.app/Contents/Eclipse/plugins/com.st.stm32cube.ide.mcu.externaltools.gnu-tools-for-stm32.13.3.rel1.macos64_1.0.0.202411102158/tools/bin/../lib/gcc/arm-none-eabi/13.3.1/thumb/v7e-m+fp/hard/libgcc.a(_dvmd_tls.o)
 .ARM.attributes
                0x00000974       0x22 /Applications/STM32CubeIDE.app/Contents/Eclipse/plugins/com.st.stm32cube.ide.mcu.externaltools.gnu-tools-for-stm32.13.3.rel1.macos64_1.0.0.202411102158/tools/bin/../lib/gcc/arm-none-eabi/13.3.1/thumb/v7e-m+fp/hard/crtn.o
OUTPUT(HYPERUSJ.elf elf32-littlearm)
LOAD linker stubs
LOAD /Applications/STM32CubeIDE.app/Contents/Eclipse/plugins/com.st.stm32cube.ide.mcu.externaltools.gnu-tools-for-stm32.13.3.rel1.macos64_1.0.0.202411102158/tools/bin/../lib/gcc/arm-none-eabi/13.3.1/../../../../arm-none-eabi/lib/thumb/v7e-m+fp/hard/libc.a
LOAD /Applications/STM32CubeIDE.app/Contents/Eclipse/plugins/com.st.stm32cube.ide.mcu.externaltools.gnu-tools-for-stm32.13.3.rel1.macos64_1.0.0.202411102158/tools/bin/../lib/gcc/arm-none-eabi/13.3.1/../../../../arm-none-eabi/lib/thumb/v7e-m+fp/hard/libm.a
LOAD /Applications/STM32CubeIDE.app/Contents/Eclipse/plugins/com.st.stm32cube.ide.mcu.externaltools.gnu-tools-for-stm32.13.3.rel1.macos64_1.0.0.202411102158/tools/bin/../lib/gcc/arm-none-eabi/13.3.1/thumb/v7e-m+fp/hard/libgcc.a

.debug_info     0x00000000    0x14c04
 .debug_info    0x00000000      0xb27 ./Core/Src/INA226.o
 .debug_info    0x00000b27      0xcf4 ./Core/Src/bno055.o
 .debug_info    0x0000181b      0x8fc ./Core/Src/encoder.o
 .debug_info    0x00002117      0x33f ./Core/Src/ir_sensor.o
 .debug_info    0x00002456     0x1e83 ./Core/Src/main.o
 .debug_info    0x000042d9      0xd7f ./Core/Src/mlx90614.o
 .debug_info    0x00005058     0x1459 ./Core/Src/stm32f7xx_hal_msp.o
 .debug_info    0x000064b1      0x119 ./Core/Src/stm32f7xx_it.o
 .debug_info    0x000065ca      0x168 ./Core/Src/sysmem.o
 .debug_info    0x00006732      0x6ed ./Core/Src/system_stm32f7xx.o
 .debug_info    0x00006e1f       0x30 ./Core/Startup/startup_stm32f756zgtx.o
 .debug_info    0x00006e4f      0x9de ./Drivers/STM32F7xx_HAL_Driver/Src/stm32f7xx_hal.o
 .debug_info    0x0000782d      0xf84 ./Drivers/STM32F7xx_HAL_Driver/Src/stm32f7xx_hal_cortex.o
 .debug_info    0x000087b1      0x6e7 ./Drivers/STM32F7xx_HAL_Driver/Src/stm32f7xx_hal_gpio.o
 .debug_info    0x00008e98     0x2147 ./Drivers/STM32F7xx_HAL_Driver/Src/stm32f7xx_hal_i2c.o
 .debug_info    0x0000afdf      0x922 ./Drivers/STM32F7xx_HAL_Driver/Src/stm32f7xx_hal_i2c_ex.o
 .debug_info    0x0000b901      0x8cd ./Drivers/STM32F7xx_HAL_Driver/Src/stm32f7xx_hal_pwr_ex.o
 .debug_info    0x0000c1ce      0x8f0 ./Drivers/STM32F7xx_HAL_Driver/Src/stm32f7xx_hal_rcc.o
 .debug_info    0x0000cabe      0x6bd ./Drivers/STM32F7xx_HAL_Driver/Src/stm32f7xx_hal_rcc_ex.o
 .debug_info    0x0000d17b     0x2abd ./Drivers/STM32F7xx_HAL_Driver/Src/stm32f7xx_hal_tim.o
 .debug_info    0x0000fc38     0x15bb ./Drivers/STM32F7xx_HAL_Driver/Src/stm32f7xx_hal_tim_ex.o
 .debug_info    0x000111f3     0x3a11 ./Drivers/STM32F7xx_HAL_Driver/Src/stm32f7xx_hal_uart.o

.debug_abbrev   0x00000000     0x2b50
 .debug_abbrev  0x00000000      0x212 ./Core/Src/INA226.o
 .debug_abbrev  0x00000212      0x269 ./Core/Src/bno055.o
 .debug_abbrev  0x0000047b      0x1bd ./Core/Src/encoder.o
 .debug_abbrev  0x00000638      0x1a8 ./Core/Src/ir_sensor.o
 .debug_abbrev  0x000007e0      0x32b ./Core/Src/main.o
 .debug_abbrev  0x00000b0b      0x27a ./Core/Src/mlx90614.o
 .debug_abbrev  0x00000d85      0x235 ./Core/Src/stm32f7xx_hal_msp.o
 .debug_abbrev  0x00000fba       0x73 ./Core/Src/stm32f7xx_it.o
 .debug_abbrev  0x0000102d       0xbc ./Core/Src/sysmem.o
 .debug_abbrev  0x000010e9      0x13b ./Core/Src/system_stm32f7xx.o
 .debug_abbrev  0x00001224       0x24 ./Core/Startup/startup_stm32f756zgtx.o
 .debug_abbrev  0x00001248      0x213 ./Drivers/STM32F7xx_HAL_Driver/Src/stm32f7xx_hal.o
 .debug_abbrev  0x0000145b      0x31e ./Drivers/STM32F7xx_HAL_Driver/Src/stm32f7xx_hal_cortex.o
 .debug_abbrev  0x00001779      0x1d4 ./Drivers/STM32F7xx_HAL_Driver/Src/stm32f7xx_hal_gpio.o
 .debug_abbrev  0x0000194d      0x260 ./Drivers/STM32F7xx_HAL_Driver/Src/stm32f7xx_hal_i2c.o
 .debug_abbrev  0x00001bad      0x19c ./Drivers/STM32F7xx_HAL_Driver/Src/stm32f7xx_hal_i2c_ex.o
 .debug_abbrev  0x00001d49      0x1d5 ./Drivers/STM32F7xx_HAL_Driver/Src/stm32f7xx_hal_pwr_ex.o
 .debug_abbrev  0x00001f1e      0x288 ./Drivers/STM32F7xx_HAL_Driver/Src/stm32f7xx_hal_rcc.o
 .debug_abbrev  0x000021a6      0x1c9 ./Drivers/STM32F7xx_HAL_Driver/Src/stm32f7xx_hal_rcc_ex.o
 .debug_abbrev  0x0000236f      0x278 ./Drivers/STM32F7xx_HAL_Driver/Src/stm32f7xx_hal_tim.o
 .debug_abbrev  0x000025e7      0x283 ./Drivers/STM32F7xx_HAL_Driver/Src/stm32f7xx_hal_tim_ex.o
 .debug_abbrev  0x0000286a      0x2e6 ./Drivers/STM32F7xx_HAL_Driver/Src/stm32f7xx_hal_uart.o

.debug_aranges  0x00000000     0x11c8
 .debug_aranges
                0x00000000       0x88 ./Core/Src/INA226.o
 .debug_aranges
                0x00000088       0x88 ./Core/Src/bno055.o
 .debug_aranges
                0x00000110       0x28 ./Core/Src/encoder.o
 .debug_aranges
                0x00000138       0x40 ./Core/Src/ir_sensor.o
 .debug_aranges
                0x00000178       0x60 ./Core/Src/main.o
 .debug_aranges
                0x000001d8       0xa0 ./Core/Src/mlx90614.o
 .debug_aranges
                0x00000278       0x50 ./Core/Src/stm32f7xx_hal_msp.o
 .debug_aranges
                0x000002c8       0x60 ./Core/Src/stm32f7xx_it.o
 .debug_aranges
                0x00000328       0x20 ./Core/Src/sysmem.o
 .debug_aranges
                0x00000348       0x28 ./Core/Src/system_stm32f7xx.o
 .debug_aranges
                0x00000370       0x28 ./Core/Startup/startup_stm32f756zgtx.o
 .debug_aranges
                0x00000398      0x100 ./Drivers/STM32F7xx_HAL_Driver/Src/stm32f7xx_hal.o
 .debug_aranges
                0x00000498      0x128 ./Drivers/STM32F7xx_HAL_Driver/Src/stm32f7xx_hal_cortex.o
 .debug_aranges
                0x000005c0       0x58 ./Drivers/STM32F7xx_HAL_Driver/Src/stm32f7xx_hal_gpio.o
 .debug_aranges
                0x00000618      0x2a0 ./Drivers/STM32F7xx_HAL_Driver/Src/stm32f7xx_hal_i2c.o
 .debug_aranges
                0x000008b8       0x38 ./Drivers/STM32F7xx_HAL_Driver/Src/stm32f7xx_hal_i2c_ex.o
 .debug_aranges
                0x000008f0       0x80 ./Drivers/STM32F7xx_HAL_Driver/Src/stm32f7xx_hal_pwr_ex.o
 .debug_aranges
                0x00000970       0x88 ./Drivers/STM32F7xx_HAL_Driver/Src/stm32f7xx_hal_rcc.o
 .debug_aranges
                0x000009f8       0x50 ./Drivers/STM32F7xx_HAL_Driver/Src/stm32f7xx_hal_rcc_ex.o
 .debug_aranges
                0x00000a48      0x3e0 ./Drivers/STM32F7xx_HAL_Driver/Src/stm32f7xx_hal_tim.o
 .debug_aranges
                0x00000e28      0x178 ./Drivers/STM32F7xx_HAL_Driver/Src/stm32f7xx_hal_tim_ex.o
 .debug_aranges
                0x00000fa0      0x228 ./Drivers/STM32F7xx_HAL_Driver/Src/stm32f7xx_hal_uart.o

.debug_rnglists
                0x00000000      0xdec
 .debug_rnglists
                0x00000000       0x63 ./Core/Src/INA226.o
 .debug_rnglists
                0x00000063       0x67 ./Core/Src/bno055.o
 .debug_rnglists
                0x000000ca       0x1b ./Core/Src/encoder.o
 .debug_rnglists
                0x000000e5       0x2b ./Core/Src/ir_sensor.o
 .debug_rnglists
                0x00000110       0x49 ./Core/Src/main.o
 .debug_rnglists
                0x00000159       0x78 ./Core/Src/mlx90614.o
 .debug_rnglists
                0x000001d1       0x3a ./Core/Src/stm32f7xx_hal_msp.o
 .debug_rnglists
                0x0000020b       0x43 ./Core/Src/stm32f7xx_it.o
 .debug_rnglists
                0x0000024e       0x13 ./Core/Src/sysmem.o
 .debug_rnglists
                0x00000261       0x1a ./Core/Src/system_stm32f7xx.o
 .debug_rnglists
                0x0000027b       0x19 ./Core/Startup/startup_stm32f756zgtx.o
 .debug_rnglists
                0x00000294       0xbb ./Drivers/STM32F7xx_HAL_Driver/Src/stm32f7xx_hal.o
 .debug_rnglists
                0x0000034f       0xda ./Drivers/STM32F7xx_HAL_Driver/Src/stm32f7xx_hal_cortex.o
 .debug_rnglists
                0x00000429       0x3f ./Drivers/STM32F7xx_HAL_Driver/Src/stm32f7xx_hal_gpio.o
 .debug_rnglists
                0x00000468      0x228 ./Drivers/STM32F7xx_HAL_Driver/Src/stm32f7xx_hal_i2c.o
 .debug_rnglists
                0x00000690       0x27 ./Drivers/STM32F7xx_HAL_Driver/Src/stm32f7xx_hal_i2c_ex.o
 .debug_rnglists
                0x000006b7       0x5f ./Drivers/STM32F7xx_HAL_Driver/Src/stm32f7xx_hal_pwr_ex.o
 .debug_rnglists
                0x00000716       0x67 ./Drivers/STM32F7xx_HAL_Driver/Src/stm32f7xx_hal_rcc.o
 .debug_rnglists
                0x0000077d       0x3c ./Drivers/STM32F7xx_HAL_Driver/Src/stm32f7xx_hal_rcc_ex.o
 .debug_rnglists
                0x000007b9      0x328 ./Drivers/STM32F7xx_HAL_Driver/Src/stm32f7xx_hal_tim.o
 .debug_rnglists
                0x00000ae1      0x131 ./Drivers/STM32F7xx_HAL_Driver/Src/stm32f7xx_hal_tim_ex.o
 .debug_rnglists
                0x00000c12      0x1da ./Drivers/STM32F7xx_HAL_Driver/Src/stm32f7xx_hal_uart.o

.debug_macro    0x00000000    0x280df
 .debug_macro   0x00000000      0x2f7 ./Core/Src/INA226.o
 .debug_macro   0x000002f7      0xad8 ./Core/Src/INA226.o
 .debug_macro   0x00000dcf       0x22 ./Core/Src/INA226.o
 .debug_macro   0x00000df1       0x5b ./Core/Src/INA226.o
 .debug_macro   0x00000e4c       0x2a ./Core/Src/INA226.o
 .debug_macro   0x00000e76       0x94 ./Core/Src/INA226.o
 .debug_macro   0x00000f0a       0x43 ./Core/Src/INA226.o
 .debug_macro   0x00000f4d       0x34 ./Core/Src/INA226.o
 .debug_macro   0x00000f81       0x16 ./Core/Src/INA226.o
 .debug_macro   0x00000f97       0x57 ./Core/Src/INA226.o
 .debug_macro   0x00000fee       0x9e ./Core/Src/INA226.o
 .debug_macro   0x0000108c      0x370 ./Core/Src/INA226.o
 .debug_macro   0x000013fc      0x112 ./Core/Src/INA226.o
 .debug_macro   0x0000150e       0x10 ./Core/Src/INA226.o
 .debug_macro   0x0000151e       0x16 ./Core/Src/INA226.o
 .debug_macro   0x00001534       0x4a ./Core/Src/INA226.o
 .debug_macro   0x0000157e       0x34 ./Core/Src/INA226.o
 .debug_macro   0x000015b2       0x10 ./Core/Src/INA226.o
 .debug_macro   0x000015c2       0x58 ./Core/Src/INA226.o
 .debug_macro   0x0000161a       0x8e ./Core/Src/INA226.o
 .debug_macro   0x000016a8       0x1c ./Core/Src/INA226.o
 .debug_macro   0x000016c4      0x185 ./Core/Src/INA226.o
 .debug_macro   0x00001849       0x16 ./Core/Src/INA226.o
 .debug_macro   0x0000185f       0x16 ./Core/Src/INA226.o
 .debug_macro   0x00001875      0x146 ./Core/Src/INA226.o
 .debug_macro   0x000019bb      0x103 ./Core/Src/INA226.o
 .debug_macro   0x00001abe       0x6a ./Core/Src/INA226.o
 .debug_macro   0x00001b28      0x1df ./Core/Src/INA226.o
 .debug_macro   0x00001d07      0x19b ./Core/Src/INA226.o
 .debug_macro   0x00001ea2      0x293 ./Core/Src/INA226.o
 .debug_macro   0x00002135       0x2e ./Core/Src/INA226.o
 .debug_macro   0x00002163       0x3b ./Core/Src/INA226.o
 .debug_macro   0x0000219e       0x1c ./Core/Src/INA226.o
 .debug_macro   0x000021ba       0x22 ./Core/Src/INA226.o
 .debug_macro   0x000021dc       0xd9 ./Core/Src/INA226.o
 .debug_macro   0x000022b5     0x12cd ./Core/Src/INA226.o
 .debug_macro   0x00003582      0x11f ./Core/Src/INA226.o
 .debug_macro   0x000036a1       0x19 ./Core/Src/INA226.o
 .debug_macro   0x000036ba    0x1987c ./Core/Src/INA226.o
 .debug_macro   0x0001cf36       0x6d ./Core/Src/INA226.o
 .debug_macro   0x0001cfa3     0x375e ./Core/Src/INA226.o
 .debug_macro   0x00020701       0x5d ./Core/Src/INA226.o
 .debug_macro   0x0002075e     0x1939 ./Core/Src/INA226.o
 .debug_macro   0x00022097      0x6c4 ./Core/Src/INA226.o
 .debug_macro   0x0002275b      0x185 ./Core/Src/INA226.o
 .debug_macro   0x000228e0      0x115 ./Core/Src/INA226.o
 .debug_macro   0x000229f5      0x1fd ./Core/Src/INA226.o
 .debug_macro   0x00022bf2       0xa5 ./Core/Src/INA226.o
 .debug_macro   0x00022c97      0x24f ./Core/Src/INA226.o
 .debug_macro   0x00022ee6       0x41 ./Core/Src/INA226.o
 .debug_macro   0x00022f27       0x58 ./Core/Src/INA226.o
 .debug_macro   0x00022f7f      0x236 ./Core/Src/INA226.o
 .debug_macro   0x000231b5      0x14e ./Core/Src/INA226.o
 .debug_macro   0x00023303      0x25a ./Core/Src/INA226.o
 .debug_macro   0x0002355d       0x12 ./Core/Src/INA226.o
 .debug_macro   0x0002356f      0x22c ./Core/Src/INA226.o
 .debug_macro   0x0002379b       0x61 ./Core/Src/INA226.o
 .debug_macro   0x000237fc       0xa5 ./Core/Src/INA226.o
 .debug_macro   0x000238a1      0x12e ./Core/Src/INA226.o
 .debug_macro   0x000239cf      0x108 ./Core/Src/INA226.o
 .debug_macro   0x00023ad7       0x35 ./Core/Src/INA226.o
 .debug_macro   0x00023b0c      0xa83 ./Core/Src/INA226.o
 .debug_macro   0x0002458f       0x59 ./Core/Src/INA226.o
 .debug_macro   0x000245e8      0x56d ./Core/Src/INA226.o
 .debug_macro   0x00024b55       0x44 ./Core/Src/INA226.o
 .debug_macro   0x00024b99      0x14d ./Core/Src/INA226.o
 .debug_macro   0x00024ce6       0x22 ./Core/Src/INA226.o
 .debug_macro   0x00024d08       0x10 ./Core/Src/INA226.o
 .debug_macro   0x00024d18       0x34 ./Core/Src/INA226.o
 .debug_macro   0x00024d4c       0x4c ./Core/Src/INA226.o
 .debug_macro   0x00024d98      0x1fa ./Core/Src/bno055.o
 .debug_macro   0x00024f92       0x8e ./Core/Src/bno055.o
 .debug_macro   0x00025020       0x51 ./Core/Src/bno055.o
 .debug_macro   0x00025071      0x190 ./Core/Src/bno055.o
 .debug_macro   0x00025201       0x63 ./Core/Src/bno055.o
 .debug_macro   0x00025264      0x1ba ./Core/Src/bno055.o
 .debug_macro   0x0002541e      0x20e ./Core/Src/encoder.o
 .debug_macro   0x0002562c      0x213 ./Core/Src/ir_sensor.o
 .debug_macro   0x0002583f      0x37c ./Core/Src/main.o
 .debug_macro   0x00025bbb       0x61 ./Core/Src/main.o
 .debug_macro   0x00025c1c       0x3c ./Core/Src/main.o
 .debug_macro   0x00025c58      0x1c0 ./Core/Src/main.o
 .debug_macro   0x00025e18       0x10 ./Core/Src/main.o
 .debug_macro   0x00025e28       0x16 ./Core/Src/main.o
 .debug_macro   0x00025e3e       0x20 ./Core/Src/main.o
 .debug_macro   0x00025e5e      0x31d ./Core/Src/mlx90614.o
 .debug_macro   0x0002617b       0x10 ./Core/Src/mlx90614.o
 .debug_macro   0x0002618b      0x20a ./Core/Src/stm32f7xx_hal_msp.o
 .debug_macro   0x00026395      0x214 ./Core/Src/stm32f7xx_it.o
 .debug_macro   0x000265a9      0x112 ./Core/Src/sysmem.o
 .debug_macro   0x000266bb      0x23c ./Core/Src/sysmem.o
 .debug_macro   0x000268f7      0x1e2 ./Core/Src/system_stm32f7xx.o
 .debug_macro   0x00026ad9      0x206 ./Drivers/STM32F7xx_HAL_Driver/Src/stm32f7xx_hal.o
 .debug_macro   0x00026cdf      0x1e2 ./Drivers/STM32F7xx_HAL_Driver/Src/stm32f7xx_hal_cortex.o
 .debug_macro   0x00026ec1      0x1e8 ./Drivers/STM32F7xx_HAL_Driver/Src/stm32f7xx_hal_gpio.o
 .debug_macro   0x000270a9      0x2ae ./Drivers/STM32F7xx_HAL_Driver/Src/stm32f7xx_hal_i2c.o
 .debug_macro   0x00027357      0x1e2 ./Drivers/STM32F7xx_HAL_Driver/Src/stm32f7xx_hal_i2c_ex.o
 .debug_macro   0x00027539      0x1fa ./Drivers/STM32F7xx_HAL_Driver/Src/stm32f7xx_hal_pwr_ex.o
 .debug_macro   0x00027733      0x206 ./Drivers/STM32F7xx_HAL_Driver/Src/stm32f7xx_hal_rcc.o
 .debug_macro   0x00027939      0x1e2 ./Drivers/STM32F7xx_HAL_Driver/Src/stm32f7xx_hal_rcc_ex.o
 .debug_macro   0x00027b1b      0x1e3 ./Drivers/STM32F7xx_HAL_Driver/Src/stm32f7xx_hal_tim.o
 .debug_macro   0x00027cfe      0x1e2 ./Drivers/STM32F7xx_HAL_Driver/Src/stm32f7xx_hal_tim_ex.o
 .debug_macro   0x00027ee0      0x1ff ./Drivers/STM32F7xx_HAL_Driver/Src/stm32f7xx_hal_uart.o

.debug_line     0x00000000    0x169f4
 .debug_line    0x00000000      0xa48 ./Core/Src/INA226.o
 .debug_line    0x00000a48      0xc10 ./Core/Src/bno055.o
 .debug_line    0x00001658      0x842 ./Core/Src/encoder.o
 .debug_line    0x00001e9a      0x7fe ./Core/Src/ir_sensor.o
 .debug_line    0x00002698      0xc75 ./Core/Src/main.o
 .debug_line    0x0000330d      0xce4 ./Core/Src/mlx90614.o
 .debug_line    0x00003ff1      0x87c ./Core/Src/stm32f7xx_hal_msp.o
 .debug_line    0x0000486d      0x7cf ./Core/Src/stm32f7xx_it.o
 .debug_line    0x0000503c      0x521 ./Core/Src/sysmem.o
 .debug_line    0x0000555d      0x77a ./Core/Src/system_stm32f7xx.o
 .debug_line    0x00005cd7       0x7a ./Core/Startup/startup_stm32f756zgtx.o
 .debug_line    0x00005d51      0xa2d ./Drivers/STM32F7xx_HAL_Driver/Src/stm32f7xx_hal.o
 .debug_line    0x0000677e      0xcad ./Drivers/STM32F7xx_HAL_Driver/Src/stm32f7xx_hal_cortex.o
 .debug_line    0x0000742b      0xb87 ./Drivers/STM32F7xx_HAL_Driver/Src/stm32f7xx_hal_gpio.o
 .debug_line    0x00007fb2     0x3764 ./Drivers/STM32F7xx_HAL_Driver/Src/stm32f7xx_hal_i2c.o
 .debug_line    0x0000b716      0x7d8 ./Drivers/STM32F7xx_HAL_Driver/Src/stm32f7xx_hal_i2c_ex.o
 .debug_line    0x0000beee      0x9fd ./Drivers/STM32F7xx_HAL_Driver/Src/stm32f7xx_hal_pwr_ex.o
 .debug_line    0x0000c8eb      0xf20 ./Drivers/STM32F7xx_HAL_Driver/Src/stm32f7xx_hal_rcc.o
 .debug_line    0x0000d80b      0xe5e ./Drivers/STM32F7xx_HAL_Driver/Src/stm32f7xx_hal_rcc_ex.o
 .debug_line    0x0000e669     0x3cc8 ./Drivers/STM32F7xx_HAL_Driver/Src/stm32f7xx_hal_tim.o
 .debug_line    0x00012331     0x1a5b ./Drivers/STM32F7xx_HAL_Driver/Src/stm32f7xx_hal_tim_ex.o
 .debug_line    0x00013d8c     0x2c68 ./Drivers/STM32F7xx_HAL_Driver/Src/stm32f7xx_hal_uart.o

.debug_str      0x00000000    0xf5876
 .debug_str     0x00000000    0xf5876 ./Core/Src/INA226.o
                              0xef811 (size before relaxing)
 .debug_str     0x000f5876    0xec052 ./Core/Src/bno055.o
 .debug_str     0x000f5876    0xeb58b ./Core/Src/encoder.o
 .debug_str     0x000f5876    0xeb085 ./Core/Src/ir_sensor.o
 .debug_str     0x000f5876    0xf1118 ./Core/Src/main.o
 .debug_str     0x000f5876    0xeea16 ./Core/Src/mlx90614.o
 .debug_str     0x000f5876    0xebdd1 ./Core/Src/stm32f7xx_hal_msp.o
 .debug_str     0x000f5876    0xeaf21 ./Core/Src/stm32f7xx_it.o
 .debug_str     0x000f5876     0x7788 ./Core/Src/sysmem.o
 .debug_str     0x000f5876    0xeb002 ./Core/Src/system_stm32f7xx.o
 .debug_str     0x000f5876       0x88 ./Core/Startup/startup_stm32f756zgtx.o
 .debug_str     0x000f5876    0xeb97a ./Drivers/STM32F7xx_HAL_Driver/Src/stm32f7xx_hal.o
 .debug_str     0x000f5876    0xeb997 ./Drivers/STM32F7xx_HAL_Driver/Src/stm32f7xx_hal_cortex.o
 .debug_str     0x000f5876    0xeb0c0 ./Drivers/STM32F7xx_HAL_Driver/Src/stm32f7xx_hal_gpio.o
 .debug_str     0x000f5876    0xec215 ./Drivers/STM32F7xx_HAL_Driver/Src/stm32f7xx_hal_i2c.o
 .debug_str     0x000f5876    0xeb494 ./Drivers/STM32F7xx_HAL_Driver/Src/stm32f7xx_hal_i2c_ex.o
 .debug_str     0x000f5876    0xeb271 ./Drivers/STM32F7xx_HAL_Driver/Src/stm32f7xx_hal_pwr_ex.o
 .debug_str     0x000f5876    0xeb364 ./Drivers/STM32F7xx_HAL_Driver/Src/stm32f7xx_hal_rcc.o
 .debug_str     0x000f5876    0xeb29c ./Drivers/STM32F7xx_HAL_Driver/Src/stm32f7xx_hal_rcc_ex.o
 .debug_str     0x000f5876    0xec325 ./Drivers/STM32F7xx_HAL_Driver/Src/stm32f7xx_hal_tim.o
 .debug_str     0x000f5876    0xebb6b ./Drivers/STM32F7xx_HAL_Driver/Src/stm32f7xx_hal_tim_ex.o
 .debug_str     0x000f5876    0xebcb1 ./Drivers/STM32F7xx_HAL_Driver/Src/stm32f7xx_hal_uart.o

.comment        0x00000000       0x43
 .comment       0x00000000       0x43 ./Core/Src/INA226.o
                                 0x44 (size before relaxing)
 .comment       0x00000043       0x44 ./Core/Src/bno055.o
 .comment       0x00000043       0x44 ./Core/Src/encoder.o
 .comment       0x00000043       0x44 ./Core/Src/ir_sensor.o
 .comment       0x00000043       0x44 ./Core/Src/main.o
 .comment       0x00000043       0x44 ./Core/Src/mlx90614.o
 .comment       0x00000043       0x44 ./Core/Src/stm32f7xx_hal_msp.o
 .comment       0x00000043       0x44 ./Core/Src/stm32f7xx_it.o
 .comment       0x00000043       0x44 ./Core/Src/sysmem.o
 .comment       0x00000043       0x44 ./Core/Src/system_stm32f7xx.o
 .comment       0x00000043       0x44 ./Drivers/STM32F7xx_HAL_Driver/Src/stm32f7xx_hal.o
 .comment       0x00000043       0x44 ./Drivers/STM32F7xx_HAL_Driver/Src/stm32f7xx_hal_cortex.o
 .comment       0x00000043       0x44 ./Drivers/STM32F7xx_HAL_Driver/Src/stm32f7xx_hal_gpio.o
 .comment       0x00000043       0x44 ./Drivers/STM32F7xx_HAL_Driver/Src/stm32f7xx_hal_i2c.o
 .comment       0x00000043       0x44 ./Drivers/STM32F7xx_HAL_Driver/Src/stm32f7xx_hal_i2c_ex.o
 .comment       0x00000043       0x44 ./Drivers/STM32F7xx_HAL_Driver/Src/stm32f7xx_hal_pwr_ex.o
 .comment       0x00000043       0x44 ./Drivers/STM32F7xx_HAL_Driver/Src/stm32f7xx_hal_rcc.o
 .comment       0x00000043       0x44 ./Drivers/STM32F7xx_HAL_Driver/Src/stm32f7xx_hal_rcc_ex.o
 .comment       0x00000043       0x44 ./Drivers/STM32F7xx_HAL_Driver/Src/stm32f7xx_hal_tim.o
 .comment       0x00000043       0x44 ./Drivers/STM32F7xx_HAL_Driver/Src/stm32f7xx_hal_tim_ex.o
 .comment       0x00000043       0x44 ./Drivers/STM32F7xx_HAL_Driver/Src/stm32f7xx_hal_uart.o

.debug_frame    0x00000000     0x50b4
 .debug_frame   0x00000000      0x1dc ./Core/Src/INA226.o
 .debug_frame   0x000001dc      0x210 ./Core/Src/bno055.o
 .debug_frame   0x000003ec       0x50 ./Core/Src/encoder.o
 .debug_frame   0x0000043c       0xd0 ./Core/Src/ir_sensor.o
 .debug_frame   0x0000050c      0x138 ./Core/Src/main.o
 .debug_frame   0x00000644      0x288 ./Core/Src/mlx90614.o
 .debug_frame   0x000008cc      0x118 ./Core/Src/stm32f7xx_hal_msp.o
 .debug_frame   0x000009e4      0x104 ./Core/Src/stm32f7xx_it.o
 .debug_frame   0x00000ae8       0x34 ./Core/Src/sysmem.o
 .debug_frame   0x00000b1c       0x58 ./Core/Src/system_stm32f7xx.o
 .debug_frame   0x00000b74      0x3b4 ./Drivers/STM32F7xx_HAL_Driver/Src/stm32f7xx_hal.o
 .debug_frame   0x00000f28      0x4e8 ./Drivers/STM32F7xx_HAL_Driver/Src/stm32f7xx_hal_cortex.o
 .debug_frame   0x00001410      0x14c ./Drivers/STM32F7xx_HAL_Driver/Src/stm32f7xx_hal_gpio.o
 .debug_frame   0x0000155c      0xc38 ./Drivers/STM32F7xx_HAL_Driver/Src/stm32f7xx_hal_i2c.o
 .debug_frame   0x00002194       0xb0 ./Drivers/STM32F7xx_HAL_Driver/Src/stm32f7xx_hal_i2c_ex.o
 .debug_frame   0x00002244      0x1c8 ./Drivers/STM32F7xx_HAL_Driver/Src/stm32f7xx_hal_pwr_ex.o
 .debug_frame   0x0000240c      0x1f8 ./Drivers/STM32F7xx_HAL_Driver/Src/stm32f7xx_hal_rcc.o
 .debug_frame   0x00002604      0x118 ./Drivers/STM32F7xx_HAL_Driver/Src/stm32f7xx_hal_rcc_ex.o
 .debug_frame   0x0000271c     0x121c ./Drivers/STM32F7xx_HAL_Driver/Src/stm32f7xx_hal_tim.o
 .debug_frame   0x00003938      0x688 ./Drivers/STM32F7xx_HAL_Driver/Src/stm32f7xx_hal_tim_ex.o
 .debug_frame   0x00003fc0      0x9e8 ./Drivers/STM32F7xx_HAL_Driver/Src/stm32f7xx_hal_uart.o
 .debug_frame   0x000049a8       0x74 /Applications/STM32CubeIDE.app/Contents/Eclipse/plugins/com.st.stm32cube.ide.mcu.externaltools.gnu-tools-for-stm32.13.3.rel1.macos64_1.0.0.202411102158/tools/bin/../lib/gcc/arm-none-eabi/13.3.1/../../../../arm-none-eabi/lib/thumb/v7e-m+fp/hard/libc_nano.a(libc_a-sprintf.o)
 .debug_frame   0x00004a1c      0x144 /Applications/STM32CubeIDE.app/Contents/Eclipse/plugins/com.st.stm32cube.ide.mcu.externaltools.gnu-tools-for-stm32.13.3.rel1.macos64_1.0.0.202411102158/tools/bin/../lib/gcc/arm-none-eabi/13.3.1/../../../../arm-none-eabi/lib/thumb/v7e-m+fp/hard/libc_nano.a(libc_a-findfp.o)
 .debug_frame   0x00004b60       0x20 /Applications/STM32CubeIDE.app/Contents/Eclipse/plugins/com.st.stm32cube.ide.mcu.externaltools.gnu-tools-for-stm32.13.3.rel1.macos64_1.0.0.202411102158/tools/bin/../lib/gcc/arm-none-eabi/13.3.1/../../../../arm-none-eabi/lib/thumb/v7e-m+fp/hard/libc_nano.a(libc_a-memset.o)
 .debug_frame   0x00004b80       0x20 /Applications/STM32CubeIDE.app/Contents/Eclipse/plugins/com.st.stm32cube.ide.mcu.externaltools.gnu-tools-for-stm32.13.3.rel1.macos64_1.0.0.202411102158/tools/bin/../lib/gcc/arm-none-eabi/13.3.1/../../../../arm-none-eabi/lib/thumb/v7e-m+fp/hard/libc_nano.a(libc_a-errno.o)
 .debug_frame   0x00004ba0       0x2c /Applications/STM32CubeIDE.app/Contents/Eclipse/plugins/com.st.stm32cube.ide.mcu.externaltools.gnu-tools-for-stm32.13.3.rel1.macos64_1.0.0.202411102158/tools/bin/../lib/gcc/arm-none-eabi/13.3.1/../../../../arm-none-eabi/lib/thumb/v7e-m+fp/hard/libc_nano.a(libc_a-init.o)
 .debug_frame   0x00004bcc       0xb0 /Applications/STM32CubeIDE.app/Contents/Eclipse/plugins/com.st.stm32cube.ide.mcu.externaltools.gnu-tools-for-stm32.13.3.rel1.macos64_1.0.0.202411102158/tools/bin/../lib/gcc/arm-none-eabi/13.3.1/../../../../arm-none-eabi/lib/thumb/v7e-m+fp/hard/libc_nano.a(libc_a-lock.o)
 .debug_frame   0x00004c7c       0x90 /Applications/STM32CubeIDE.app/Contents/Eclipse/plugins/com.st.stm32cube.ide.mcu.externaltools.gnu-tools-for-stm32.13.3.rel1.macos64_1.0.0.202411102158/tools/bin/../lib/gcc/arm-none-eabi/13.3.1/../../../../arm-none-eabi/lib/thumb/v7e-m+fp/hard/libc_nano.a(libc_a-nano-svfprintf.o)