../Core/Src/INA226.c:12:6:INA226_INIT	8	static
../Core/Src/INA226.c:19:6:INA226_Config	32	static
../Core/Src/INA226.c:34:6:INA226_Reset	16	static
../Core/Src/INA226.c:44:10:INA226_ID	8	static
../Core/Src/INA226.c:51:6:INA226_Voltage_Current_Power	40	static
../Core/Src/INA226.c:66:7:INA226_ShuntVoltage	8	static
../Core/Src/INA226.c:73:7:INA226_BusVoltage	8	static
../Core/Src/INA226.c:79:7:INA226_Power	8	static
../Core/Src/INA226.c:86:7:INA226_Current	8	static
../Core/Src/INA226.c:94:6:INA226_SetCalibration	24	static
../Core/Src/INA226.c:112:10:INA226_GetCalibration	16	static
../Core/Src/INA226.c:121:6:INA226_I2C_Write	40	static
../Core/Src/INA226.c:132:6:INA226_I2C_Read	40	static
../Core/Src/INA226.c:141:6:INA226_I2C_ReadBuff	32	static
