../Core/Src/main.c:138:6:INA226_Test_Simple	16	static
../Core/Src/main.c:166:6:INA226_Test_Raw	48	static
../Core/Src/main.c:188:6:INA226_ReadAllValues_Fixed	8	static
../Core/Src/main.c:225:5:main	56	static
../Core/Src/main.c:312:6:SystemClock_Config	88	static
../Core/Src/main.c:364:13:MX_I2C1_Init	8	static
../Core/Src/main.c:404:13:MX_I2C2_Init	8	static
../Core/Src/main.c:444:13:MX_TIM2_Init	56	static
../Core/Src/main.c:488:13:MX_USART2_UART_Init	8	static
../Core/Src/main.c:516:13:MX_GPIO_Init	56	static
../Core/Src/main.c:557:6:Error_Handler	8	static,ignoring_inline_asm
