../Core/Src/main.c:183:6:CalibrateESC	8	static
../Core/Src/main.c:194:6:IncreaseMotorSpeed	8	static
../Core/Src/main.c:201:6:DecreaseMotorSpeed	8	static
../Core/Src/main.c:209:6:SetMotorSpeed	24	static
../Core/Src/main.c:226:10:ADC_Read_Average	24	static
../Core/Src/main.c:251:7:lowPassFilter	16	static
../Core/Src/main.c:261:5:main	1184	static
../Core/Src/main.c:501:6:SystemClock_Config	88	static
../Core/Src/main.c:555:13:MX_ADC1_Init	24	static
../Core/Src/main.c:607:13:MX_I2C1_Init	8	static
../Core/Src/main.c:655:13:MX_I2C2_Init	8	static
../Core/Src/main.c:703:13:MX_I2C3_Init	8	static
../Core/Src/main.c:751:13:MX_TIM3_Init	56	static
../Core/Src/main.c:800:13:MX_TIM10_Init	40	static
../Core/Src/main.c:846:13:MX_USART3_UART_Init	8	static
../Core/Src/main.c:881:13:MX_GPIO_Init	56	static
../Core/Src/main.c:956:6:MPU_Config	24	static
../Core/Src/main.c:987:6:Error_Handler	4	static,ignoring_inline_asm
